Component: ARM Compiler 5.05 update 2 (build 169) Tool: armlink [4d0f33]

==============================================================================

Section Cross References

    stm32f10x_adc.o(i.ADC_DeInit) refers to stm32f10x_rcc.o(i.RCC_APB2PeriphResetCmd) for RCC_APB2PeriphResetCmd
    stm32f10x_bkp.o(i.BKP_DeInit) refers to stm32f10x_rcc.o(i.RCC_BackupResetCmd) for RCC_BackupResetCmd
    stm32f10x_can.o(i.CAN_DeInit) refers to stm32f10x_rcc.o(i.RCC_APB1PeriphResetCmd) for RCC_APB1PeriphResetCmd
    stm32f10x_can.o(i.CAN_GetITStatus) refers to stm32f10x_can.o(i.CheckITStatus) for CheckITStatus
    stm32f10x_cec.o(i.CEC_DeInit) refers to stm32f10x_rcc.o(i.RCC_APB1PeriphResetCmd) for RCC_APB1PeriphResetCmd
    stm32f10x_dac.o(i.DAC_DeInit) refers to stm32f10x_rcc.o(i.RCC_APB1PeriphResetCmd) for RCC_APB1PeriphResetCmd
    stm32f10x_flash.o(i.FLASH_EnableWriteProtection) refers to stm32f10x_flash.o(i.FLASH_WaitForLastOperation) for FLASH_WaitForLastOperation
    stm32f10x_flash.o(i.FLASH_EraseAllBank1Pages) refers to stm32f10x_flash.o(i.FLASH_WaitForLastBank1Operation) for FLASH_WaitForLastBank1Operation
    stm32f10x_flash.o(i.FLASH_EraseAllPages) refers to stm32f10x_flash.o(i.FLASH_WaitForLastOperation) for FLASH_WaitForLastOperation
    stm32f10x_flash.o(i.FLASH_EraseOptionBytes) refers to stm32f10x_flash.o(i.FLASH_GetReadOutProtectionStatus) for FLASH_GetReadOutProtectionStatus
    stm32f10x_flash.o(i.FLASH_EraseOptionBytes) refers to stm32f10x_flash.o(i.FLASH_WaitForLastOperation) for FLASH_WaitForLastOperation
    stm32f10x_flash.o(i.FLASH_ErasePage) refers to stm32f10x_flash.o(i.FLASH_WaitForLastOperation) for FLASH_WaitForLastOperation
    stm32f10x_flash.o(i.FLASH_ProgramHalfWord) refers to stm32f10x_flash.o(i.FLASH_WaitForLastOperation) for FLASH_WaitForLastOperation
    stm32f10x_flash.o(i.FLASH_ProgramOptionByteData) refers to stm32f10x_flash.o(i.FLASH_WaitForLastOperation) for FLASH_WaitForLastOperation
    stm32f10x_flash.o(i.FLASH_ProgramWord) refers to stm32f10x_flash.o(i.FLASH_WaitForLastOperation) for FLASH_WaitForLastOperation
    stm32f10x_flash.o(i.FLASH_ReadOutProtection) refers to stm32f10x_flash.o(i.FLASH_WaitForLastOperation) for FLASH_WaitForLastOperation
    stm32f10x_flash.o(i.FLASH_UserOptionByteConfig) refers to stm32f10x_flash.o(i.FLASH_WaitForLastOperation) for FLASH_WaitForLastOperation
    stm32f10x_flash.o(i.FLASH_WaitForLastBank1Operation) refers to stm32f10x_flash.o(i.FLASH_GetBank1Status) for FLASH_GetBank1Status
    stm32f10x_flash.o(i.FLASH_WaitForLastOperation) refers to stm32f10x_flash.o(i.FLASH_GetBank1Status) for FLASH_GetBank1Status
    stm32f10x_gpio.o(i.GPIO_AFIODeInit) refers to stm32f10x_rcc.o(i.RCC_APB2PeriphResetCmd) for RCC_APB2PeriphResetCmd
    stm32f10x_gpio.o(i.GPIO_DeInit) refers to stm32f10x_rcc.o(i.RCC_APB2PeriphResetCmd) for RCC_APB2PeriphResetCmd
    stm32f10x_i2c.o(i.I2C_DeInit) refers to stm32f10x_rcc.o(i.RCC_APB1PeriphResetCmd) for RCC_APB1PeriphResetCmd
    stm32f10x_i2c.o(i.I2C_Init) refers to stm32f10x_rcc.o(i.RCC_GetClocksFreq) for RCC_GetClocksFreq
    stm32f10x_pwr.o(i.PWR_DeInit) refers to stm32f10x_rcc.o(i.RCC_APB1PeriphResetCmd) for RCC_APB1PeriphResetCmd
    stm32f10x_rcc.o(i.RCC_GetClocksFreq) refers to stm32f10x_rcc.o(.data) for APBAHBPrescTable
    stm32f10x_rcc.o(i.RCC_WaitForHSEStartUp) refers to stm32f10x_rcc.o(i.RCC_GetFlagStatus) for RCC_GetFlagStatus
    stm32f10x_rtc.o(i.RTC_SetAlarm) refers to stm32f10x_rtc.o(i.RTC_EnterConfigMode) for RTC_EnterConfigMode
    stm32f10x_rtc.o(i.RTC_SetAlarm) refers to stm32f10x_rtc.o(i.RTC_ExitConfigMode) for RTC_ExitConfigMode
    stm32f10x_rtc.o(i.RTC_SetCounter) refers to stm32f10x_rtc.o(i.RTC_EnterConfigMode) for RTC_EnterConfigMode
    stm32f10x_rtc.o(i.RTC_SetCounter) refers to stm32f10x_rtc.o(i.RTC_ExitConfigMode) for RTC_ExitConfigMode
    stm32f10x_rtc.o(i.RTC_SetPrescaler) refers to stm32f10x_rtc.o(i.RTC_EnterConfigMode) for RTC_EnterConfigMode
    stm32f10x_rtc.o(i.RTC_SetPrescaler) refers to stm32f10x_rtc.o(i.RTC_ExitConfigMode) for RTC_ExitConfigMode
    stm32f10x_spi.o(i.I2S_Init) refers to stm32f10x_rcc.o(i.RCC_GetClocksFreq) for RCC_GetClocksFreq
    stm32f10x_spi.o(i.SPI_I2S_DeInit) refers to stm32f10x_rcc.o(i.RCC_APB2PeriphResetCmd) for RCC_APB2PeriphResetCmd
    stm32f10x_spi.o(i.SPI_I2S_DeInit) refers to stm32f10x_rcc.o(i.RCC_APB1PeriphResetCmd) for RCC_APB1PeriphResetCmd
    stm32f10x_tim.o(i.TIM_DeInit) refers to stm32f10x_rcc.o(i.RCC_APB2PeriphResetCmd) for RCC_APB2PeriphResetCmd
    stm32f10x_tim.o(i.TIM_DeInit) refers to stm32f10x_rcc.o(i.RCC_APB1PeriphResetCmd) for RCC_APB1PeriphResetCmd
    stm32f10x_tim.o(i.TIM_ETRClockMode1Config) refers to stm32f10x_tim.o(i.TIM_ETRConfig) for TIM_ETRConfig
    stm32f10x_tim.o(i.TIM_ETRClockMode2Config) refers to stm32f10x_tim.o(i.TIM_ETRConfig) for TIM_ETRConfig
    stm32f10x_tim.o(i.TIM_ICInit) refers to stm32f10x_tim.o(i.TI1_Config) for TI1_Config
[...]
    HARDWARE\LED\led.c                       0x00000000   Number         0  led.o ABSOLUTE
    HARDWARE\MAX30102\max30102.c             0x00000000   Number         0  max30102.o ABSOLUTE
    HARDWARE\MAX30102\max30102_math.c        0x00000000   Number         0  max30102_math.o ABSOLUTE
    HARDWARE\OLED\oled.c                     0x00000000   Number         0  oled.o ABSOLUTE
    STM32F10x_FWLib\src\misc.c               0x00000000   Number         0  misc.o ABSOLUTE
    STM32F10x_FWLib\src\stm32f10x_adc.c      0x00000000   Number         0  stm32f10x_adc.o ABSOLUTE
    STM32F10x_FWLib\src\stm32f10x_bkp.c      0x00000000   Number         0  stm32f10x_bkp.o ABSOLUTE
    STM32F10x_FWLib\src\stm32f10x_can.c      0x00000000   Number         0  stm32f10x_can.o ABSOLUTE
    STM32F10x_FWLib\src\stm32f10x_cec.c      0x00000000   Number         0  stm32f10x_cec.o ABSOLUTE
    STM32F10x_FWLib\src\stm32f10x_crc.c      0x00000000   Number         0  stm32f10x_crc.o ABSOLUTE
    STM32F10x_FWLib\src\stm32f10x_dac.c      0x00000000   Number         0  stm32f10x_dac.o ABSOLUTE
    STM32F10x_FWLib\src\stm32f10x_dbgmcu.c   0x00000000   Number         0  stm32f10x_dbgmcu.o ABSOLUTE
    STM32F10x_FWLib\src\stm32f10x_dma.c      0x00000000   Number         0  stm32f10x_dma.o ABSOLUTE
    STM32F10x_FWLib\src\stm32f10x_exti.c     0x00000000   Number         0  stm32f10x_exti.o ABSOLUTE
    STM32F10x_FWLib\src\stm32f10x_flash.c    0x00000000   Number         0  stm32f10x_flash.o ABSOLUTE
    STM32F10x_FWLib\src\stm32f10x_fsmc.c     0x00000000   Number         0  stm32f10x_fsmc.o ABSOLUTE
    STM32F10x_FWLib\src\stm32f10x_gpio.c     0x00000000   Number         0  stm32f10x_gpio.o ABSOLUTE
    STM32F10x_FWLib\src\stm32f10x_i2c.c      0x00000000   Number         0  stm32f10x_i2c.o ABSOLUTE
    STM32F10x_FWLib\src\stm32f10x_iwdg.c     0x00000000   Number         0  stm32f10x_iwdg.o ABSOLUTE
    STM32F10x_FWLib\src\stm32f10x_pwr.c      0x00000000   Number         0  stm32f10x_pwr.o ABSOLUTE
    STM32F10x_FWLib\src\stm32f10x_rcc.c      0x00000000   Number         0  stm32f10x_rcc.o ABSOLUTE
    STM32F10x_FWLib\src\stm32f10x_rtc.c      0x00000000   Number         0  stm32f10x_rtc.o ABSOLUTE
    STM32F10x_FWLib\src\stm32f10x_sdio.c     0x00000000   Number         0  stm32f10x_sdio.o ABSOLUTE
    STM32F10x_FWLib\src\stm32f10x_spi.c      0x00000000   Number         0  stm32f10x_spi.o ABSOLUTE
    STM32F10x_FWLib\src\stm32f10x_tim.c      0x00000000   Number         0  stm32f10x_tim.o ABSOLUTE
    STM32F10x_FWLib\src\stm32f10x_usart.c    0x00000000   Number         0  stm32f10x_usart.o ABSOLUTE
    STM32F10x_FWLib\src\stm32f10x_wwdg.c     0x00000000   Number         0  stm32f10x_wwdg.o ABSOLUTE
    SYSTEM\delay\delay.c                     0x00000000   Number         0  delay.o ABSOLUTE
    SYSTEM\iic\iicStart.c                    0x00000000   Number         0  iicstart.o ABSOLUTE
    SYSTEM\sys\sys.c                         0x00000000   Number         0  sys.o ABSOLUTE
    SYSTEM\usart\usart.c                     0x00000000   Number         0  usart.o ABSOLUTE
    USER\main.c                              0x00000000   Number         0  main.o ABSOLUTE
    USER\stm32f10x_it.c                      0x00000000   Number         0  stm32f10x_it.o ABSOLUTE
    USER\system_stm32f10x.c                  0x00000000   Number         0  system_stm32f10x.o ABSOLUTE
    dc.s                                     0x00000000   Number         0  dc.o ABSOLUTE
    RESET                                    0x08000000   Section      304  startup_stm32f10x_hd.o(RESET)
    !!!main                                  0x08000130   Section        8  __main.o(!!!main)
    !!!scatter                               0x08000138   Section       52  __scatter.o(!!!scatter)
    !!handler_copy                           0x0800016c   Section       26  __scatter_copy.o(!!handler_copy)
    !!handler_zi                             0x08000188   Section       28  __scatter_zi.o(!!handler_zi)
    .ARM.Collect$$_printf_percent$$00000000  0x080001a4   Section        0  _printf_percent.o(.ARM.Collect$$_printf_percent$$00000000)
    .ARM.Collect$$_printf_percent$$00000003  0x080001a4   Section        6  _printf_f.o(.ARM.Collect$$_printf_percent$$00000003)
    .ARM.Collect$$_printf_percent$$00000009  0x080001aa   Section        6  _printf_d.o(.ARM.Collect$$_printf_percent$$00000009)
    .ARM.Collect$$_printf_percent$$00000017  0x080001b0   Section        4  _printf_percent_end.o(.ARM.Collect$$_printf_percent$$00000017)
    .ARM.Collect$$libinit$$00000000          0x080001b4   Section        2  libinit.o(.ARM.Collect$$libinit$$00000000)
    .ARM.Collect$$libinit$$00000002          0x080001b6   Section        0  libinit2.o(.ARM.Collect$$libinit$$00000002)
    .ARM.Collect$$libinit$$00000004          0x080001b6   Section        0  libinit2.o(.ARM.Collect$$libinit$$00000004)
    .ARM.Collect$$libinit$$0000000A          0x080001b6   Section        0  libinit2.o(.ARM.Collect$$libinit$$0000000A)
    .ARM.Collect$$libinit$$0000000C          0x080001b6   Section        0  libinit2.o(.ARM.Collect$$libinit$$0000000C)
    .ARM.Collect$$libinit$$0000000E          0x080001b6   Section        0  libinit2.o(.ARM.Collect$$libinit$$0000000E)
    .ARM.Collect$$libinit$$0000000F          0x080001b6   Section        6  libinit2.o(.ARM.Collect$$libinit$$0000000F)
    .ARM.Collect$$libinit$$00000011          0x080001bc   Section        0  libinit2.o(.ARM.Collect$$libinit$$00000011)
    .ARM.Collect$$libinit$$00000013          0x080001bc   Section        0  libinit2.o(.ARM.Collect$$libinit$$00000013)
    .ARM.Collect$$libinit$$00000015          0x080001bc   Section        0  libinit2.o(.ARM.Collect$$libinit$$00000015)
    .ARM.Collect$$libinit$$00000016          0x080001bc   Section       10  libinit2.o(.ARM.Collect$$libinit$$00000016)
    .ARM.Collect$$libinit$$00000017          0x080001c6   Section        0  libinit2.o(.ARM.Collect$$libinit$$00000017)
    .ARM.Collect$$libinit$$00000019          0x080001c6   Section        0  libinit2.o(.ARM.Collect$$libinit$$00000019)
    .ARM.Collect$$libinit$$0000001B          0x080001c6   Section        0  libinit2.o(.ARM.Collect$$libinit$$0000001B)
    .ARM.Collect$$libinit$$0000001D          0x080001c6   Section        0  libinit2.o(.ARM.Collect$$libinit$$0000001D)
    .ARM.Collect$$libinit$$0000001F          0x080001c6   Section        0  libinit2.o(.ARM.Collect$$libinit$$0000001F)
    .ARM.Collect$$libinit$$00000021          0x080001c6   Section        0  libinit2.o(.ARM.Collect$$libinit$$00000021)
    .ARM.Collect$$libinit$$00000023          0x080001c6   Section        0  libinit2.o(.ARM.Collect$$libinit$$00000023)
    .ARM.Collect$$libinit$$00000025          0x080001c6   Section        0  libinit2.o(.ARM.Collect$$libinit$$00000025)
    .ARM.Collect$$libinit$$0000002C          0x080001c6   Section        0  libinit2.o(.ARM.Collect$$libinit$$0000002C)
    .ARM.Collect$$libinit$$0000002E          0x080001c6   Section        0  libinit2.o(.ARM.Collect$$libinit$$0000002E)
    .ARM.Collect$$libinit$$00000030          0x080001c6   Section        0  libinit2.o(.ARM.Collect$$libinit$$00000030)
    .ARM.Collect$$libinit$$00000032          0x080001c6   Section        0  libinit2.o(.ARM.Collect$$libinit$$00000032)
    .ARM.Collect$$libinit$$00000033          0x080001c6   Section        2  libinit2.o(.ARM.Collect$$libinit$$00000033)
    .ARM.Collect$$libshutdown$$00000000      0x080001c8   Section        2  libshutdown.o(.ARM.Collect$$libshutdown$$00000000)
    .ARM.Collect$$libshutdown$$00000003      0x080001ca   Section        0  libshutdown2.o(.ARM.Collect$$libshutdown$$00000003)
    .ARM.Collect$$libshutdown$$00000006      0x080001ca   Section        0  libshutdown2.o(.ARM.Collect$$libshutdown$$00000006)
    .ARM.Collect$$libshutdown$$00000009      0x080001ca   Section        0  libshutdown2.o(.ARM.Collect$$libshutdown$$00000009)
    .ARM.Collect$$libshutdown$$0000000B      0x080001ca   Section        0  libshutdown2.o(.ARM.Collect$$libshutdown$$0000000B)
    .ARM.Collect$$libshutdown$$0000000E      0x080001ca   Section        0  libshutdown2.o(.ARM.Collect$$libshutdown$$0000000E)
    .ARM.Collect$$libshutdown$$0000000F      0x080001ca   Section        2  libshutdown2.o(.ARM.Collect$$libshutdown$$0000000F)
    .ARM.Collect$$rtentry$$00000000          0x080001cc   Section        0  __rtentry.o(.ARM.Collect$$rtentry$$00000000)
    .ARM.Collect$$rtentry$$00000002          0x080001cc   Section        0  __rtentry2.o(.ARM.Collect$$rtentry$$00000002)
    .ARM.Collect$$rtentry$$00000004          0x080001cc   Section        6  __rtentry4.o(.ARM.Collect$$rtentry$$00000004)
    .ARM.Collect$$rtentry$$00000009          0x080001d2   Section        0  __rtentry2.o(.ARM.Collect$$rtentry$$00000009)
    .ARM.Collect$$rtentry$$0000000A          0x080001d2   Section        4  __rtentry2.o(.ARM.Collect$$rtentry$$0000000A)
    .ARM.Collect$$rtentry$$0000000C          0x080001d6   Section        0  __rtentry2.o(.ARM.Collect$$rtentry$$0000000C)
    .ARM.Collect$$rtentry$$0000000D          0x080001d6   Section        8  __rtentry2.o(.ARM.Collect$$rtentry$$0000000D)
    .ARM.Collect$$rtexit$$00000000           0x080001de   Section        2  rtexit.o(.ARM.Collect$$rtexit$$00000000)
    .ARM.Collect$$rtexit$$00000002           0x080001e0   Section        0  rtexit2.o(.ARM.Collect$$rtexit$$00000002)
    .ARM.Collect$$rtexit$$00000003           0x080001e0   Section        4  rtexit2.o(.ARM.Collect$$rtexit$$00000003)
    .ARM.Collect$$rtexit$$00000004           0x080001e4   Section        6  rtexit2.o(.ARM.Collect$$rtexit$$00000004)
    .text                                    0x080001ec   Section       64  startup_stm32f10x_hd.o(.text)
    .text                                    0x0800022c   Section        2  use_no_semi_2.o(.text)
    .text                                    0x08000230   Section        0  noretval__2printf.o(.text)
    .text                                    0x08000248   Section        0  noretval__2sprintf.o(.text)
    .text                                    0x08000270   Section        0  _printf_pad.o(.text)
    .text                                    0x080002c0   Section        0  _printf_dec.o(.text)
    .text                                    0x08000338   Section        0  __printf_wp.o(.text)
    .text                                    0x08000446   Section        0  heapauxi.o(.text)
    .text                                    0x0800044c   Section        2  use_no_semi.o(.text)
    .text                                    0x0800044e   Section        0  _printf_intcommon.o(.text)
    .text                                    0x08000500   Section        0  _printf_fp_dec.o(.text)
    _fp_digits                               0x08000503   Thumb Code   428  _printf_fp_dec.o(.text)
    .text                                    0x0800091c   Section        0  _printf_char_common.o(.text)
    _printf_input_char                       0x0800091d   Thumb Code    10  _printf_char_common.o(.text)
    .text                                    0x0800094c   Section        0  _sputc.o(.text)
    .text                                    0x08000958   Section        0  _printf_char_file.o(.text)
    .text                                    0x0800097c   Section        8  rt_locale_intlibspace.o(.text)
    .text                                    0x08000984   Section      138  lludiv10.o(.text)
    .text                                    0x08000a10   Section        0  _printf_fp_infnan.o(.text)
    .text                                    0x08000a90   Section        0  bigflt0.o(.text)
    .text                                    0x08000b6c   Section        0  ferror.o(.text)
    .text                                    0x08000b74   Section        8  libspace.o(.text)
    .text                                    0x08000b7c   Section       74  sys_stackheap_outer.o(.text)
    .text                                    0x08000bc6   Section        0  exit.o(.text)
    .text                                    0x08000bd4   Section      128  strcmpv7m.o(.text)
    CL$$btod_d2e                             0x08000c54   Section       62  btod.o(CL$$btod_d2e)
    CL$$btod_d2e_denorm_low                  0x08000c92   Section       70  btod.o(CL$$btod_d2e_denorm_low)
    CL$$btod_d2e_norm_op1                    0x08000cd8   Section       96  btod.o(CL$$btod_d2e_norm_op1)
    CL$$btod_div_common                      0x08000d38   Section      824  btod.o(CL$$btod_div_common)
    CL$$btod_e2e                             0x08001070   Section      198  btod.o(CL$$btod_e2e)
    CL$$btod_ediv                            0x08001136   Section       40  btod.o(CL$$btod_ediv)
    CL$$btod_emul                            0x0800115e   Section       40  btod.o(CL$$btod_emul)
    CL$$btod_mult_common                     0x08001186   Section      580  btod.o(CL$$btod_mult_common)
    i.BusFault_Handler                       0x080013ca   Section        0  stm32f10x_it.o(i.BusFault_Handler)
    i.DS18B20_GPIO_Config                    0x080013d0   Section        0  ds18b20.o(i.DS18B20_GPIO_Config)
    DS18B20_GPIO_Config                      0x080013d1   Thumb Code    50  ds18b20.o(i.DS18B20_GPIO_Config)
    i.DS18B20_Get_Temp                       0x08001408   Section        0  ds18b20.o(i.DS18B20_Get_Temp)
    i.DS18B20_Init                           0x08001490   Section        0  ds18b20.o(i.DS18B20_Init)
    i.DS18B20_Mode_IPU                       0x080014a0   Section        0  ds18b20.o(i.DS18B20_Mode_IPU)
    DS18B20_Mode_IPU                         0x080014a1   Thumb Code    26  ds18b20.o(i.DS18B20_Mode_IPU)
    i.DS18B20_Mode_Out_PP                    0x080014c0   Section        0  ds18b20.o(i.DS18B20_Mode_Out_PP)
    DS18B20_Mode_Out_PP                      0x080014c1   Thumb Code    32  ds18b20.o(i.DS18B20_Mode_Out_PP)
    i.DS18B20_Presence                       0x080014e4   Section        0  ds18b20.o(i.DS18B20_Presence)
    DS18B20_Presence                         0x080014e5   Thumb Code    86  ds18b20.o(i.DS18B20_Presence)
    i.DS18B20_Read_Bit                       0x08001540   Section        0  ds18b20.o(i.DS18B20_Read_Bit)
    DS18B20_Read_Bit                         0x08001541   Thumb Code    56  ds18b20.o(i.DS18B20_Read_Bit)
    i.DS18B20_Read_Byte                      0x0800157c   Section        0  ds18b20.o(i.DS18B20_Read_Byte)
    i.DS18B20_Rst                            0x080015a0   Section        0  ds18b20.o(i.DS18B20_Rst)
    DS18B20_Rst                              0x080015a1   Thumb Code    42  ds18b20.o(i.DS18B20_Rst)
    i.DS18B20_Write_Byte                     0x080015d0   Section        0  ds18b20.o(i.DS18B20_Write_Byte)
    i.DebugMon_Handler                       0x08001634   Section        0  stm32f10x_it.o(i.DebugMon_Handler)
    i.GPIO_Init                              0x08001636   Section        0  stm32f10x_gpio.o(i.GPIO_Init)
    i.GPIO_ReadInputDataBit                  0x0800174c   Section        0  stm32f10x_gpio.o(i.GPIO_ReadInputDataBit)
    i.GPIO_ResetBits                         0x0800175e   Section        0  stm32f10x_gpio.o(i.GPIO_ResetBits)
    i.GPIO_SetBits                           0x08001762   Section        0  stm32f10x_gpio.o(i.GPIO_SetBits)
    i.Gain_Hr_Spo                            0x08001768   Section        0  main.o(i.Gain_Hr_Spo)
    i.HardFault_Handler                      0x08001f1c   Section        0  stm32f10x_it.o(i.HardFault_Handler)
    i.I2C_Start                              0x08001f20   Section        0  oled.o(i.I2C_Start)
    i.I2C_Stop                               0x08001f54   Section        0  oled.o(i.I2C_Stop)
    i.I2C_WaitAck                            0x08001f78   Section        0  oled.o(i.I2C_WaitAck)
    i.IIC_delay                              0x08001fa4   Section        0  oled.o(i.IIC_delay)
    i.LED_Init                               0x08001fb4   Section        0  led.o(i.LED_Init)
    i.LED_shanshuo                           0x08001fec   Section        0  led.o(i.LED_shanshuo)
    i.MemManage_Handler                      0x08002018   Section        0  stm32f10x_it.o(i.MemManage_Handler)
    i.NMI_Handler                            0x0800201c   Section        0  stm32f10x_it.o(i.NMI_Handler)
    i.OLED_Clear                             0x08002020   Section        0  oled.o(i.OLED_Clear)
    i.OLED_ColorTurn                         0x08002050   Section        0  oled.o(i.OLED_ColorTurn)
    i.OLED_DisplayTurn                       0x0800206c   Section        0  oled.o(i.OLED_DisplayTurn)
    i.OLED_DrawPoint                         0x08002098   Section        0  oled.o(i.OLED_DrawPoint)
    i.OLED_Init                              0x08002110   Section        0  oled.o(i.OLED_Init)
    i.OLED_Refresh                           0x08002250   Section        0  oled.o(i.OLED_Refresh)
    i.OLED_ShowChar                          0x080022b8   Section        0  oled.o(i.OLED_ShowChar)
    i.OLED_ShowChinese                       0x080023f4   Section        0  oled.o(i.OLED_ShowChinese)
    i.OLED_ShowString                        0x080024f8   Section        0  oled.o(i.OLED_ShowString)
    i.OLED_WR_Byte                           0x08002542   Section        0  oled.o(i.OLED_WR_Byte)
    i.PendSV_Handler                         0x0800257a   Section        0  stm32f10x_it.o(i.PendSV_Handler)
    i.RCC_APB2PeriphClockCmd                 0x0800257c   Section        0  stm32f10x_rcc.o(i.RCC_APB2PeriphClockCmd)
    i.SVC_Handler                            0x0800259c   Section        0  stm32f10x_it.o(i.SVC_Handler)
    i.Send_Byte                              0x080025a0   Section        0  oled.o(i.Send_Byte)
    i.SetSysClock                            0x080025ec   Section        0  system_stm32f10x.o(i.SetSysClock)
    SetSysClock                              0x080025ed   Thumb Code     8  system_stm32f10x.o(i.SetSysClock)
    i.SetSysClockTo72                        0x080025f4   Section        0  system_stm32f10x.o(i.SetSysClockTo72)
    SetSysClockTo72                          0x080025f5   Thumb Code   214  system_stm32f10x.o(i.SetSysClockTo72)
    i.SysTick_CLKSourceConfig                0x080026d4   Section        0  misc.o(i.SysTick_CLKSourceConfig)
    i.SysTick_Handler                        0x080026fc   Section        0  stm32f10x_it.o(i.SysTick_Handler)
    i.SystemInit                             0x08002700   Section        0  system_stm32f10x.o(i.SystemInit)
    i.TEMP_Value_Conversion                  0x08002760   Section        0  main.o(i.TEMP_Value_Conversion)
    i.USART1_IRQHandler                      0x08002828   Section        0  usart.o(i.USART1_IRQHandler)
    i.USART_GetITStatus                      0x080028b0   Section        0  stm32f10x_usart.o(i.USART_GetITStatus)
    i.USART_ReceiveData                      0x08002904   Section        0  stm32f10x_usart.o(i.USART_ReceiveData)
    i.UsageFault_Handler                     0x0800290e   Section        0  stm32f10x_it.o(i.UsageFault_Handler)
    i.__ARM_fpclassify                       0x08002912   Section        0  fpclassify.o(i.__ARM_fpclassify)
    i._is_digit                              0x0800293a   Section        0  __printf_wp.o(i._is_digit)
    i._sys_exit                              0x08002948   Section        0  usart.o(i._sys_exit)
    i.bsp_InitI2C                            0x0800294c   Section        0  iicstart.o(i.bsp_InitI2C)
    i.delay_init                             0x0800298c   Section        0  delay.o(i.delay_init)
    i.delay_ms                               0x080029d0   Section        0  delay.o(i.delay_ms)
    i.delay_us                               0x08002a1c   Section        0  delay.o(i.delay_us)
    i.fputc                                  0x08002a68   Section        0  usart.o(i.fputc)
    i.i2c_Ack                                0x08002a84   Section        0  iicstart.o(i.i2c_Ack)
    i.i2c_Delay                              0x08002ab8   Section        0  iicstart.o(i.i2c_Delay)
    i2c_Delay                                0x08002ab9   Thumb Code    14  iicstart.o(i.i2c_Delay)
    i.i2c_NAck                               0x08002ac8   Section        0  iicstart.o(i.i2c_NAck)
    i.i2c_ReadByte                           0x08002af4   Section        0  iicstart.o(i.i2c_ReadByte)
    i.i2c_SendByte                           0x08002b3c   Section        0  iicstart.o(i.i2c_SendByte)
    i.i2c_Start                              0x08002b94   Section        0  iicstart.o(i.i2c_Start)
    i.i2c_Stop                               0x08002bc4   Section        0  iicstart.o(i.i2c_Stop)
    i.i2c_WaitAck                            0x08002be8   Section        0  iicstart.o(i.i2c_WaitAck)
    i.main                                   0x08002c20   Section        0  main.o(i.main)
    i.maxim_find_peaks                       0x08002d78   Section        0  max30102_math.o(i.maxim_find_peaks)
    i.maxim_heart_rate_and_oxygen_saturation 0x08002dbc   Section        0  max30102_math.o(i.maxim_heart_rate_and_oxygen_saturation)
    i.maxim_max30102_init                    0x08003114   Section        0  max30102.o(i.maxim_max30102_init)
    i.maxim_max30102_read_fifo               0x0800332c   Section        0  max30102.o(i.maxim_max30102_read_fifo)
    i.maxim_max30102_read_reg                0x0800342c   Section        0  max30102.o(i.maxim_max30102_read_reg)
    i.maxim_max30102_reset                   0x0800349c   Section        0  max30102.o(i.maxim_max30102_reset)
    i.maxim_max30102_write_reg               0x080034c4   Section        0  max30102.o(i.maxim_max30102_write_reg)
    i.maxim_peaks_above_min_height           0x08003534   Section        0  max30102_math.o(i.maxim_peaks_above_min_height)
    i.maxim_remove_close_peaks               0x080035de   Section        0  max30102_math.o(i.maxim_remove_close_peaks)
    i.maxim_sort_ascend                      0x08003650   Section        0  max30102_math.o(i.maxim_sort_ascend)
    i.maxim_sort_indices_descend             0x08003686   Section        0  max30102_math.o(i.maxim_sort_indices_descend)
    locale$$code                             0x080036c8   Section       44  lc_numeric_c.o(locale$$code)
    x$fpl$d2f                                0x080036f4   Section       98  d2f.o(x$fpl$d2f)
    x$fpl$ddiv                               0x08003758   Section      688  ddiv.o(x$fpl$ddiv)
    ddiv_entry                               0x0800375f   Thumb Code     0  ddiv.o(x$fpl$ddiv)
    x$fpl$dflt                               0x08003a08   Section       46  dflt_clz.o(x$fpl$dflt)
    x$fpl$dmul                               0x08003a38   Section      340  dmul.o(x$fpl$dmul)
    x$fpl$dnaninf                            0x08003b8c   Section      156  dnaninf.o(x$fpl$dnaninf)
    x$fpl$dretinf                            0x08003c28   Section       12  dretinf.o(x$fpl$dretinf)
    x$fpl$f2d                                0x08003c34   Section       86  f2d.o(x$fpl$f2d)
    x$fpl$fadd                               0x08003c8c   Section      196  faddsub_clz.o(x$fpl$fadd)
    _fadd1                                   0x08003c9b   Thumb Code     0  faddsub_clz.o(x$fpl$fadd)
    x$fpl$fcmpinf                            0x08003d50   Section       24  fcmpi.o(x$fpl$fcmpinf)
    x$fpl$fdiv                               0x08003d68   Section      388  fdiv.o(x$fpl$fdiv)
    _fdiv1                                   0x08003d69   Thumb Code     0  fdiv.o(x$fpl$fdiv)
    x$fpl$ffix                               0x08003eec   Section       54  ffix.o(x$fpl$ffix)
    x$fpl$ffltu                              0x08003f24   Section       38  fflt_clz.o(x$fpl$ffltu)
    x$fpl$fleqf                              0x08003f4c   Section      104  fleqf.o(x$fpl$fleqf)
    x$fpl$fmul                               0x08003fb4   Section      258  fmul.o(x$fpl$fmul)
    x$fpl$fnaninf                            0x080040b6   Section      140  fnaninf.o(x$fpl$fnaninf)
    x$fpl$fretinf                            0x08004142   Section       10  fretinf.o(x$fpl$fretinf)
    x$fpl$fsub                               0x0800414c   Section      234  faddsub_clz.o(x$fpl$fsub)
    _fsub1                                   0x0800415b   Thumb Code     0  faddsub_clz.o(x$fpl$fsub)
    x$fpl$printf1                            0x08004236   Section        4  printf1.o(x$fpl$printf1)
    .constdata                               0x0800423a   Section     7696  oled.o(.constdata)
    x$fpl$usenofp                            0x0800423a   Section        0  usenofp.o(x$fpl$usenofp)
    .constdata                               0x0800604a   Section      184  max30102_math.o(.constdata)
    .constdata                               0x08006104   Section      148  bigflt0.o(.constdata)
    tenpwrs_x                                0x08006104   Data          60  bigflt0.o(.constdata)
    tenpwrs_i                                0x08006140   Data          64  bigflt0.o(.constdata)
    .conststring                             0x08006198   Section      217  max30102.o(.conststring)
    locale$$data                             0x08006294   Section       28  lc_numeric_c.o(locale$$data)
    __lcnum_c_name                           0x08006298   Data           2  lc_numeric_c.o(locale$$data)
    __lcnum_c_start                          0x080062a0   Data           0  lc_numeric_c.o(locale$$data)
    __lcnum_c_point                          0x080062ac   Data           0  lc_numeric_c.o(locale$$data)
    __lcnum_c_thousands                      0x080062ae   Data           0  lc_numeric_c.o(locale$$data)
    __lcnum_c_grouping                       0x080062af   Data           0  lc_numeric_c.o(locale$$data)
    __lcnum_c_end                            0x080062b0   Data           0  lc_numeric_c.o(locale$$data)
    .data                                    0x20000000   Section      116  main.o(.data)
    .data                                    0x20000074   Section       20  system_stm32f10x.o(.data)
    .data                                    0x20000088   Section        6  usart.o(.data)
    .data                                    0x2000008e   Section        4  delay.o(.data)
    fac_us                                   0x2000008e   Data           1  delay.o(.data)
    fac_ms                                   0x20000090   Data           2  delay.o(.data)
    .bss                                     0x20000094   Section     1152  oled.o(.bss)
    .bss                                     0x20000514   Section     1200  max30102_math.o(.bss)
    an_x                                     0x20000514   Data         600  max30102_math.o(.bss)
    an_y                                     0x2000076c   Data         600  max30102_math.o(.bss)
    .bss                                     0x200009c4   Section     2785  main.o(.bss)
    an_x                                     0x200009c4   Data         600  main.o(.bss)
    an_y                                     0x20000c1c   Data         600  main.o(.bss)
    .bss                                     0x200014a5   Section      200  usart.o(.bss)
    .bss                                     0x20001570   Section       96  libspace.o(.bss)
    HEAP                                     0x200015d0   Section      512  startup_stm32f10x_hd.o(HEAP)
    Heap_Mem                                 0x200015d0   Data         512  startup_stm32f10x_hd.o(HEAP)
    STACK                                    0x200017d0   Section     1024  startup_stm32f10x_hd.o(STACK)
    Stack_Mem                                0x200017d0   Data        1024  startup_stm32f10x_hd.o(STACK)
    __initial_sp                             0x20001bd0   Data           0  startup_stm32f10x_hd.o(STACK)

    Global Symbols

    Symbol Name                              Value     Ov Type        Size  Object(Section)

    BuildAttributes$$THM_ISAv4$P$D$K$B$S$PE$A:L22UL41UL21$X:L11$S22US41US21$IEEE1$IW$USESV6$~STKCKD$USESV7$~SHL$OTIME$ROPI$IEEEJ$EBA8$UX$STANDARDLIB$REQ8$PRES8$EABIv2 0x00000000   Number         0  anon$$obj.o ABSOLUTE
    __ARM_use_no_argv                        0x00000000   Number         0  main.o ABSOLUTE
    _printf_flags                            0x00000000   Number         0  printf_stubs.o ABSOLUTE
    _printf_return_value                     0x00000000   Number         0  printf_stubs.o ABSOLUTE
    _printf_sizespec                         0x00000000   Number         0  printf_stubs.o ABSOLUTE
    _printf_widthprec                        0x00000000   Number         0  printf_stubs.o ABSOLUTE
    __ARM_exceptions_init                     - Undefined Weak Reference
    __alloca_initialize                       - Undefined Weak Reference
    __arm_preinit_                            - Undefined Weak Reference
    __cpp_initialize__aeabi_                  - Undefined Weak Reference
    __cxa_finalize                            - Undefined Weak Reference
    __sigvec_lookup                           - Undefined Weak Reference
    _atexit_init                              - Undefined Weak Reference
    _call_atexit_fns                          - Undefined Weak Reference
    _clock_init                               - Undefined Weak Reference
    _fp_trap_init                             - Undefined Weak Reference
    _fp_trap_shutdown                         - Undefined Weak Reference
    _get_lc_collate                           - Undefined Weak Reference
    _get_lc_ctype                             - Undefined Weak Reference
    _get_lc_monetary                          - Undefined Weak Reference
    _get_lc_time                              - Undefined Weak Reference
    _getenv_init                              - Undefined Weak Reference
    _handle_redirection                       - Undefined Weak Reference
    _init_alloc                               - Undefined Weak Reference
    _init_user_alloc                          - Undefined Weak Reference
    _initio                                   - Undefined Weak Reference
    _mutex_acquire                            - Undefined Weak Reference
    _mutex_release                            - Undefined Weak Reference
    _printf_truncate_signed                   - Undefined Weak Reference
    _printf_truncate_unsigned                 - Undefined Weak Reference
    _rand_init                                - Undefined Weak Reference
    _signal_finish                            - Undefined Weak Reference
    _signal_init                              - Undefined Weak Reference
    _terminate_alloc                          - Undefined Weak Reference
    _terminate_user_alloc                     - Undefined Weak Reference
    _terminateio                              - Undefined Weak Reference
    __Vectors_Size                           0x00000130   Number         0  startup_stm32f10x_hd.o ABSOLUTE
    __Vectors                                0x08000000   Data           4  startup_stm32f10x_hd.o(RESET)
    __Vectors_End                            0x08000130   Data           0  startup_stm32f10x_hd.o(RESET)
    __main                                   0x08000131   Thumb Code     8  __main.o(!!!main)
    __scatterload                            0x08000139   Thumb Code     0  __scatter.o(!!!scatter)
    __scatterload_rt2                        0x08000139   Thumb Code    44  __scatter.o(!!!scatter)
    __scatterload_rt2_thumb_only             0x08000139   Thumb Code     0  __scatter.o(!!!scatter)
    __scatterload_null                       0x08000147   Thumb Code     0  __scatter.o(!!!scatter)
    __scatterload_copy                       0x0800016d   Thumb Code    26  __scatter_copy.o(!!handler_copy)
    __scatterload_zeroinit                   0x08000189   Thumb Code    28  __scatter_zi.o(!!handler_zi)
    _printf_f                                0x080001a5   Thumb Code     0  _printf_f.o(.ARM.Collect$$_printf_percent$$00000003)
    _printf_percent                          0x080001a5   Thumb Code     0  _printf_percent.o(.ARM.Collect$$_printf_percent$$00000000)
    _printf_d                                0x080001ab   Thumb Code     0  _printf_d.o(.ARM.Collect$$_printf_percent$$00000009)
    _printf_percent_end                      0x080001b1   Thumb Code     0  _printf_percent_end.o(.ARM.Collect$$_printf_percent$$00000017)
    __rt_lib_init                            0x080001b5   Thumb Code     0  libinit.o(.ARM.Collect$$libinit$$00000000)
    __rt_lib_init_fp_1                       0x080001b7   Thumb Code     0  libinit2.o(.ARM.Collect$$libinit$$00000002)
    __rt_lib_init_heap_1                     0x080001b7   Thumb Code     0  libinit2.o(.ARM.Collect$$libinit$$0000000A)
    __rt_lib_init_lc_common                  0x080001b7   Thumb Code     0  libinit2.o(.ARM.Collect$$libinit$$0000000F)
    __rt_lib_init_preinit_1                  0x080001b7   Thumb Code     0  libinit2.o(.ARM.Collect$$libinit$$00000004)
    __rt_lib_init_rand_1                     0x080001b7   Thumb Code     0  libinit2.o(.ARM.Collect$$libinit$$0000000E)
    __rt_lib_init_user_alloc_1               0x080001b7   Thumb Code     0  libinit2.o(.ARM.Collect$$libinit$$0000000C)
    __rt_lib_init_lc_collate_1               0x080001bd   Thumb Code     0  libinit2.o(.ARM.Collect$$libinit$$00000011)
    __rt_lib_init_lc_ctype_1                 0x080001bd   Thumb Code     0  libinit2.o(.ARM.Collect$$libinit$$00000013)
    __rt_lib_init_lc_monetary_1              0x080001bd   Thumb Code     0  libinit2.o(.ARM.Collect$$libinit$$00000015)
    __rt_lib_init_lc_numeric_2               0x080001bd   Thumb Code     0  libinit2.o(.ARM.Collect$$libinit$$00000016)
    __rt_lib_init_alloca_1                   0x080001c7   Thumb Code     0  libinit2.o(.ARM.Collect$$libinit$$0000002E)
    __rt_lib_init_argv_1                     0x080001c7   Thumb Code     0  libinit2.o(.ARM.Collect$$libinit$$0000002C)
    __rt_lib_init_atexit_1                   0x080001c7   Thumb Code     0  libinit2.o(.ARM.Collect$$libinit$$0000001B)
    __rt_lib_init_clock_1                    0x080001c7   Thumb Code     0  libinit2.o(.ARM.Collect$$libinit$$00000021)
    __rt_lib_init_cpp_1                      0x080001c7   Thumb Code     0  libinit2.o(.ARM.Collect$$libinit$$00000032)
    __rt_lib_init_exceptions_1               0x080001c7   Thumb Code     0  libinit2.o(.ARM.Collect$$libinit$$00000030)
    __rt_lib_init_fp_trap_1                  0x080001c7   Thumb Code     0  libinit2.o(.ARM.Collect$$libinit$$0000001F)
    __rt_lib_init_getenv_1                   0x080001c7   Thumb Code     0  libinit2.o(.ARM.Collect$$libinit$$00000023)
    __rt_lib_init_lc_numeric_1               0x080001c7   Thumb Code     0  libinit2.o(.ARM.Collect$$libinit$$00000017)
    __rt_lib_init_lc_time_1                  0x080001c7   Thumb Code     0  libinit2.o(.ARM.Collect$$libinit$$00000019)
    __rt_lib_init_return                     0x080001c7   Thumb Code     0  libinit2.o(.ARM.Collect$$libinit$$00000033)
    __rt_lib_init_signal_1                   0x080001c7   Thumb Code     0  libinit2.o(.ARM.Collect$$libinit$$0000001D)
    __rt_lib_init_stdio_1                    0x080001c7   Thumb Code     0  libinit2.o(.ARM.Collect$$libinit$$00000025)
    __rt_lib_shutdown                        0x080001c9   Thumb Code     0  libshutdown.o(.ARM.Collect$$libshutdown$$00000000)
    __rt_lib_shutdown_fp_trap_1              0x080001cb   Thumb Code     0  libshutdown2.o(.ARM.Collect$$libshutdown$$00000006)
    __rt_lib_shutdown_heap_1                 0x080001cb   Thumb Code     0  libshutdown2.o(.ARM.Collect$$libshutdown$$0000000E)
    __rt_lib_shutdown_return                 0x080001cb   Thumb Code     0  libshutdown2.o(.ARM.Collect$$libshutdown$$0000000F)
    __rt_lib_shutdown_signal_1               0x080001cb   Thumb Code     0  libshutdown2.o(.ARM.Collect$$libshutdown$$00000009)
    __rt_lib_shutdown_stdio_1                0x080001cb   Thumb Code     0  libshutdown2.o(.ARM.Collect$$libshutdown$$00000003)
    __rt_lib_shutdown_user_alloc_1           0x080001cb   Thumb Code     0  libshutdown2.o(.ARM.Collect$$libshutdown$$0000000B)
    __rt_entry                               0x080001cd   Thumb Code     0  __rtentry.o(.ARM.Collect$$rtentry$$00000000)
    __rt_entry_presh_1                       0x080001cd   Thumb Code     0  __rtentry2.o(.ARM.Collect$$rtentry$$00000002)
    __rt_entry_sh                            0x080001cd   Thumb Code     0  __rtentry4.o(.ARM.Collect$$rtentry$$00000004)
    __rt_entry_li                            0x080001d3   Thumb Code     0  __rtentry2.o(.ARM.Collect$$rtentry$$0000000A)
    __rt_entry_postsh_1                      0x080001d3   Thumb Code     0  __rtentry2.o(.ARM.Collect$$rtentry$$00000009)
    __rt_entry_main                          0x080001d7   Thumb Code     0  __rtentry2.o(.ARM.Collect$$rtentry$$0000000D)
    __rt_entry_postli_1                      0x080001d7   Thumb Code     0  __rtentry2.o(.ARM.Collect$$rtentry$$0000000C)
    __rt_exit                                0x080001df   Thumb Code     0  rtexit.o(.ARM.Collect$$rtexit$$00000000)
    __rt_exit_ls                             0x080001e1   Thumb Code     0  rtexit2.o(.ARM.Collect$$rtexit$$00000003)
    __rt_exit_prels_1                        0x080001e1   Thumb Code     0  rtexit2.o(.ARM.Collect$$rtexit$$00000002)
    __rt_exit_exit                           0x080001e5   Thumb Code     0  rtexit2.o(.ARM.Collect$$rtexit$$00000004)
    Reset_Handler                            0x080001ed   Thumb Code     8  startup_stm32f10x_hd.o(.text)
    ADC1_2_IRQHandler                        0x08000207   Thumb Code     0  startup_stm32f10x_hd.o(.text)
    ADC3_IRQHandler                          0x08000207   Thumb Code     0  startup_stm32f10x_hd.o(.text)
    CAN1_RX1_IRQHandler                      0x08000207   Thumb Code     0  startup_stm32f10x_hd.o(.text)
    CAN1_SCE_IRQHandler                      0x08000207   Thumb Code     0  startup_stm32f10x_hd.o(.text)
    DMA1_Channel1_IRQHandler                 0x08000207   Thumb Code     0  startup_stm32f10x_hd.o(.text)
    DMA1_Channel2_IRQHandler                 0x08000207   Thumb Code     0  startup_stm32f10x_hd.o(.text)
    DMA1_Channel3_IRQHandler                 0x08000207   Thumb Code     0  startup_stm32f10x_hd.o(.text)
    DMA1_Channel4_IRQHandler                 0x08000207   Thumb Code     0  startup_stm32f10x_hd.o(.text)
    DMA1_Channel5_IRQHandler                 0x08000207   Thumb Code     0  startup_stm32f10x_hd.o(.text)
    DMA1_Channel6_IRQHandler                 0x08000207   Thumb Code     0  startup_stm32f10x_hd.o(.text)
    DMA1_Channel7_IRQHandler                 0x08000207   Thumb Code     0  startup_stm32f10x_hd.o(.text)
    DMA2_Channel1_IRQHandler                 0x08000207   Thumb Code     0  startup_stm32f10x_hd.o(.text)
    DMA2_Channel2_IRQHandler                 0x08000207   Thumb Code     0  startup_stm32f10x_hd.o(.text)
    DMA2_Channel3_IRQHandler                 0x08000207   Thumb Code     0  startup_stm32f10x_hd.o(.text)
    DMA2_Channel4_5_IRQHandler               0x08000207   Thumb Code     0  startup_stm32f10x_hd.o(.text)
    EXTI0_IRQHandler                         0x08000207   Thumb Code     0  startup_stm32f10x_hd.o(.text)
    EXTI15_10_IRQHandler                     0x08000207   Thumb Code     0  startup_stm32f10x_hd.o(.text)
    EXTI1_IRQHandler                         0x08000207   Thumb Code     0  startup_stm32f10x_hd.o(.text)
    EXTI2_IRQHandler                         0x08000207   Thumb Code     0  startup_stm32f10x_hd.o(.text)
    EXTI3_IRQHandler                         0x08000207   Thumb Code     0  startup_stm32f10x_hd.o(.text)
    EXTI4_IRQHandler                         0x08000207   Thumb Code     0  startup_stm32f10x_hd.o(.text)
    EXTI9_5_IRQHandler                       0x08000207   Thumb Code     0  startup_stm32f10x_hd.o(.text)
    FLASH_IRQHandler                         0x08000207   Thumb Code     0  startup_stm32f10x_hd.o(.text)
    FSMC_IRQHandler                          0x08000207   Thumb Code     0  startup_stm32f10x_hd.o(.text)
    I2C1_ER_IRQHandler                       0x08000207   Thumb Code     0  startup_stm32f10x_hd.o(.text)
    I2C1_EV_IRQHandler                       0x08000207   Thumb Code     0  startup_stm32f10x_hd.o(.text)
    I2C2_ER_IRQHandler                       0x08000207   Thumb Code     0  startup_stm32f10x_hd.o(.text)
    I2C2_EV_IRQHandler                       0x08000207   Thumb Code     0  startup_stm32f10x_hd.o(.text)
    PVD_IRQHandler                           0x08000207   Thumb Code     0  startup_stm32f10x_hd.o(.text)
    RCC_IRQHandler                           0x08000207   Thumb Code     0  startup_stm32f10x_hd.o(.text)
    RTCAlarm_IRQHandler                      0x08000207   Thumb Code     0  startup_stm32f10x_hd.o(.text)
    RTC_IRQHandler                           0x08000207   Thumb Code     0  startup_stm32f10x_hd.o(.text)
    SDIO_IRQHandler                          0x08000207   Thumb Code     0  startup_stm32f10x_hd.o(.text)
    SPI1_IRQHandler                          0x08000207   Thumb Code     0  startup_stm32f10x_hd.o(.text)
    SPI2_IRQHandler                          0x08000207   Thumb Code     0  startup_stm32f10x_hd.o(.text)
    SPI3_IRQHandler                          0x08000207   Thumb Code     0  startup_stm32f10x_hd.o(.text)
    TAMPER_IRQHandler                        0x08000207   Thumb Code     0  startup_stm32f10x_hd.o(.text)
    TIM1_BRK_IRQHandler                      0x08000207   Thumb Code     0  startup_stm32f10x_hd.o(.text)
    TIM1_CC_IRQHandler                       0x08000207   Thumb Code     0  startup_stm32f10x_hd.o(.text)
    TIM1_TRG_COM_IRQHandler                  0x08000207   Thumb Code     0  startup_stm32f10x_hd.o(.text)
    TIM1_UP_IRQHandler                       0x08000207   Thumb Code     0  startup_stm32f10x_hd.o(.text)
    TIM2_IRQHandler                          0x08000207   Thumb Code     0  startup_stm32f10x_hd.o(.text)
    TIM3_IRQHandler                          0x08000207   Thumb Code     0  startup_stm32f10x_hd.o(.text)
    TIM4_IRQHandler                          0x08000207   Thumb Code     0  startup_stm32f10x_hd.o(.text)
    TIM5_IRQHandler                          0x08000207   Thumb Code     0  startup_stm32f10x_hd.o(.text)
    TIM6_IRQHandler                          0x08000207   Thumb Code     0  startup_stm32f10x_hd.o(.text)
    TIM7_IRQHandler                          0x08000207   Thumb Code     0  startup_stm32f10x_hd.o(.text)
    TIM8_BRK_IRQHandler                      0x08000207   Thumb Code     0  startup_stm32f10x_hd.o(.text)
    TIM8_CC_IRQHandler                       0x08000207   Thumb Code     0  startup_stm32f10x_hd.o(.text)
    TIM8_TRG_COM_IRQHandler                  0x08000207   Thumb Code     0  startup_stm32f10x_hd.o(.text)
    TIM8_UP_IRQHandler                       0x08000207   Thumb Code     0  startup_stm32f10x_hd.o(.text)
    UART4_IRQHandler                         0x08000207   Thumb Code     0  startup_stm32f10x_hd.o(.text)
    UART5_IRQHandler                         0x08000207   Thumb Code     0  startup_stm32f10x_hd.o(.text)
    USART2_IRQHandler                        0x08000207   Thumb Code     0  startup_stm32f10x_hd.o(.text)
    USART3_IRQHandler                        0x08000207   Thumb Code     0  startup_stm32f10x_hd.o(.text)
    USBWakeUp_IRQHandler                     0x08000207   Thumb Code     0  startup_stm32f10x_hd.o(.text)
    USB_HP_CAN1_TX_IRQHandler                0x08000207   Thumb Code     0  startup_stm32f10x_hd.o(.text)
    USB_LP_CAN1_RX0_IRQHandler               0x08000207   Thumb Code     0  startup_stm32f10x_hd.o(.text)
    WWDG_IRQHandler                          0x08000207   Thumb Code     0  startup_stm32f10x_hd.o(.text)
    __user_initial_stackheap                 0x08000209   Thumb Code     0  startup_stm32f10x_hd.o(.text)
    __use_no_semihosting                     0x0800022d   Thumb Code     2  use_no_semi_2.o(.text)
    __2printf                                0x08000231   Thumb Code    20  noretval__2printf.o(.text)
    __2sprintf                               0x08000249   Thumb Code    34  noretval__2sprintf.o(.text)
    _printf_pre_padding                      0x08000271   Thumb Code    44  _printf_pad.o(.text)
    _printf_post_padding                     0x0800029d   Thumb Code    34  _printf_pad.o(.text)
    _printf_int_dec                          0x080002c1   Thumb Code   104  _printf_dec.o(.text)
    __printf                                 0x08000339   Thumb Code   270  __printf_wp.o(.text)
    __use_two_region_memory                  0x08000447   Thumb Code     2  heapauxi.o(.text)
    __rt_heap_escrow$2region                 0x08000449   Thumb Code     2  heapauxi.o(.text)
    __rt_heap_expand$2region                 0x0800044b   Thumb Code     2  heapauxi.o(.text)
    __I$use$semihosting                      0x0800044d   Thumb Code     0  use_no_semi.o(.text)
    __use_no_semihosting_swi                 0x0800044d   Thumb Code     2  use_no_semi.o(.text)
    _printf_int_common                       0x0800044f   Thumb Code   178  _printf_intcommon.o(.text)
    __lib_sel_fp_printf                      0x08000501   Thumb Code     2  _printf_fp_dec.o(.text)
    _printf_fp_dec_real                      0x080006af   Thumb Code   620  _printf_fp_dec.o(.text)
    _printf_char_common                      0x08000927   Thumb Code    32  _printf_char_common.o(.text)
    _sputc                                   0x0800094d   Thumb Code    10  _sputc.o(.text)
    _printf_char_file                        0x08000959   Thumb Code    32  _printf_char_file.o(.text)
    __rt_locale                              0x0800097d   Thumb Code     8  rt_locale_intlibspace.o(.text)
    _ll_udiv10                               0x08000985   Thumb Code   138  lludiv10.o(.text)
    _printf_fp_infnan                        0x08000a11   Thumb Code   112  _printf_fp_infnan.o(.text)
    _btod_etento                             0x08000a91   Thumb Code   216  bigflt0.o(.text)
    ferror                                   0x08000b6d   Thumb Code     8  ferror.o(.text)
    __user_libspace                          0x08000b75   Thumb Code     8  libspace.o(.text)
    __user_perproc_libspace                  0x08000b75   Thumb Code     0  libspace.o(.text)
    __user_perthread_libspace                0x08000b75   Thumb Code     0  libspace.o(.text)
    __user_setup_stackheap                   0x08000b7d   Thumb Code    74  sys_stackheap_outer.o(.text)
    exit                                     0x08000bc7   Thumb Code    12  exit.o(.text)
    strcmp                                   0x08000bd5   Thumb Code   128  strcmpv7m.o(.text)
    _btod_d2e                                0x08000c55   Thumb Code    62  btod.o(CL$$btod_d2e)
    _d2e_denorm_low                          0x08000c93   Thumb Code    70  btod.o(CL$$btod_d2e_denorm_low)
    _d2e_norm_op1                            0x08000cd9   Thumb Code    96  btod.o(CL$$btod_d2e_norm_op1)
    __btod_div_common                        0x08000d39   Thumb Code   696  btod.o(CL$$btod_div_common)
    _e2e                                     0x08001071   Thumb Code   198  btod.o(CL$$btod_e2e)
    _btod_ediv                               0x08001137   Thumb Code    40  btod.o(CL$$btod_ediv)
    _btod_emul                               0x0800115f   Thumb Code    40  btod.o(CL$$btod_emul)
    __btod_mult_common                       0x08001187   Thumb Code   580  btod.o(CL$$btod_mult_common)
    BusFault_Handler                         0x080013cb   Thumb Code     4  stm32f10x_it.o(i.BusFault_Handler)
    DS18B20_Get_Temp                         0x08001409   Thumb Code   128  ds18b20.o(i.DS18B20_Get_Temp)
    DS18B20_Init                             0x08001491   Thumb Code    16  ds18b20.o(i.DS18B20_Init)
    DS18B20_Read_Byte                        0x0800157d   Thumb Code    34  ds18b20.o(i.DS18B20_Read_Byte)
    DS18B20_Write_Byte                       0x080015d1   Thumb Code    96  ds18b20.o(i.DS18B20_Write_Byte)
    DebugMon_Handler                         0x08001635   Thumb Code     2  stm32f10x_it.o(i.DebugMon_Handler)
    GPIO_Init                                0x08001637   Thumb Code   278  stm32f10x_gpio.o(i.GPIO_Init)
    GPIO_ReadInputDataBit                    0x0800174d   Thumb Code    18  stm32f10x_gpio.o(i.GPIO_ReadInputDataBit)
    GPIO_ResetBits                           0x0800175f   Thumb Code     4  stm32f10x_gpio.o(i.GPIO_ResetBits)
    GPIO_SetBits                             0x08001763   Thumb Code     4  stm32f10x_gpio.o(i.GPIO_SetBits)
    Gain_Hr_Spo                              0x08001769   Thumb Code  1896  main.o(i.Gain_Hr_Spo)
    HardFault_Handler                        0x08001f1d   Thumb Code     4  stm32f10x_it.o(i.HardFault_Handler)
    I2C_Start                                0x08001f21   Thumb Code    48  oled.o(i.I2C_Start)
    I2C_Stop                                 0x08001f55   Thumb Code    32  oled.o(i.I2C_Stop)
    I2C_WaitAck                              0x08001f79   Thumb Code    40  oled.o(i.I2C_WaitAck)
    IIC_delay                                0x08001fa5   Thumb Code    16  oled.o(i.IIC_delay)
    LED_Init                                 0x08001fb5   Thumb Code    50  led.o(i.LED_Init)
    LED_shanshuo                             0x08001fed   Thumb Code    40  led.o(i.LED_shanshuo)
    MemManage_Handler                        0x08002019   Thumb Code     4  stm32f10x_it.o(i.MemManage_Handler)
    NMI_Handler                              0x0800201d   Thumb Code     2  stm32f10x_it.o(i.NMI_Handler)
    OLED_Clear                               0x08002021   Thumb Code    42  oled.o(i.OLED_Clear)
    OLED_ColorTurn                           0x08002051   Thumb Code    28  oled.o(i.OLED_ColorTurn)
    OLED_DisplayTurn                         0x0800206d   Thumb Code    44  oled.o(i.OLED_DisplayTurn)
    OLED_DrawPoint                           0x08002099   Thumb Code   114  oled.o(i.OLED_DrawPoint)
    OLED_Init                                0x08002111   Thumb Code   314  oled.o(i.OLED_Init)
    OLED_Refresh                             0x08002251   Thumb Code   100  oled.o(i.OLED_Refresh)
    OLED_ShowChar                            0x080022b9   Thumb Code   300  oled.o(i.OLED_ShowChar)
    OLED_ShowChinese                         0x080023f5   Thumb Code   244  oled.o(i.OLED_ShowChinese)
    OLED_ShowString                          0x080024f9   Thumb Code    74  oled.o(i.OLED_ShowString)
    OLED_WR_Byte                             0x08002543   Thumb Code    56  oled.o(i.OLED_WR_Byte)
    PendSV_Handler                           0x0800257b   Thumb Code     2  stm32f10x_it.o(i.PendSV_Handler)
    RCC_APB2PeriphClockCmd                   0x0800257d   Thumb Code    26  stm32f10x_rcc.o(i.RCC_APB2PeriphClockCmd)
    SVC_Handler                              0x0800259d   Thumb Code     2  stm32f10x_it.o(i.SVC_Handler)
    Send_Byte                                0x080025a1   Thumb Code    70  oled.o(i.Send_Byte)
    SysTick_CLKSourceConfig                  0x080026d5   Thumb Code    40  misc.o(i.SysTick_CLKSourceConfig)
    SysTick_Handler                          0x080026fd   Thumb Code     2  stm32f10x_it.o(i.SysTick_Handler)
    SystemInit                               0x08002701   Thumb Code    78  system_stm32f10x.o(i.SystemInit)
    TEMP_Value_Conversion                    0x08002761   Thumb Code   174  main.o(i.TEMP_Value_Conversion)
    USART1_IRQHandler                        0x08002829   Thumb Code   122  usart.o(i.USART1_IRQHandler)
    USART_GetITStatus                        0x080028b1   Thumb Code    84  stm32f10x_usart.o(i.USART_GetITStatus)
    USART_ReceiveData                        0x08002905   Thumb Code    10  stm32f10x_usart.o(i.USART_ReceiveData)
    UsageFault_Handler                       0x0800290f   Thumb Code     4  stm32f10x_it.o(i.UsageFault_Handler)
    __ARM_fpclassify                         0x08002913   Thumb Code    40  fpclassify.o(i.__ARM_fpclassify)
    _is_digit                                0x0800293b   Thumb Code    14  __printf_wp.o(i._is_digit)
    _sys_exit                                0x08002949   Thumb Code     4  usart.o(i._sys_exit)
    bsp_InitI2C                              0x0800294d   Thumb Code    58  iicstart.o(i.bsp_InitI2C)
    delay_init                               0x0800298d   Thumb Code    50  delay.o(i.delay_init)
    delay_ms                                 0x080029d1   Thumb Code    72  delay.o(i.delay_ms)
    delay_us                                 0x08002a1d   Thumb Code    72  delay.o(i.delay_us)
    fputc                                    0x08002a69   Thumb Code    24  usart.o(i.fputc)
    i2c_Ack                                  0x08002a85   Thumb Code    48  iicstart.o(i.i2c_Ack)
    i2c_NAck                                 0x08002ac9   Thumb Code    40  iicstart.o(i.i2c_NAck)
    i2c_ReadByte                             0x08002af5   Thumb Code    66  iicstart.o(i.i2c_ReadByte)
    i2c_SendByte                             0x08002b3d   Thumb Code    84  iicstart.o(i.i2c_SendByte)
    i2c_Start                                0x08002b95   Thumb Code    44  iicstart.o(i.i2c_Start)
    i2c_Stop                                 0x08002bc5   Thumb Code    32  iicstart.o(i.i2c_Stop)
    i2c_WaitAck                              0x08002be9   Thumb Code    52  iicstart.o(i.i2c_WaitAck)
    main                                     0x08002c21   Thumb Code   292  main.o(i.main)
    maxim_find_peaks                         0x08002d79   Thumb Code    66  max30102_math.o(i.maxim_find_peaks)
    maxim_heart_rate_and_oxygen_saturation   0x08002dbd   Thumb Code   840  max30102_math.o(i.maxim_heart_rate_and_oxygen_saturation)
    maxim_max30102_init                      0x08003115   Thumb Code   232  max30102.o(i.maxim_max30102_init)
    maxim_max30102_read_fifo                 0x0800332d   Thumb Code   230  max30102.o(i.maxim_max30102_read_fifo)
    maxim_max30102_read_reg                  0x0800342d   Thumb Code   100  max30102.o(i.maxim_max30102_read_reg)
    maxim_max30102_reset                     0x0800349d   Thumb Code    26  max30102.o(i.maxim_max30102_reset)
    maxim_max30102_write_reg                 0x080034c5   Thumb Code    86  max30102.o(i.maxim_max30102_write_reg)
    maxim_peaks_above_min_height             0x08003535   Thumb Code   170  max30102_math.o(i.maxim_peaks_above_min_height)
    maxim_remove_close_peaks                 0x080035df   Thumb Code   114  max30102_math.o(i.maxim_remove_close_peaks)
    maxim_sort_ascend                        0x08003651   Thumb Code    54  max30102_math.o(i.maxim_sort_ascend)
    maxim_sort_indices_descend               0x08003687   Thumb Code    64  max30102_math.o(i.maxim_sort_indices_descend)
    _get_lc_numeric                          0x080036c9   Thumb Code    44  lc_numeric_c.o(locale$$code)
    __aeabi_d2f                              0x080036f5   Thumb Code     0  d2f.o(x$fpl$d2f)
    _d2f                                     0x080036f5   Thumb Code    98  d2f.o(x$fpl$d2f)
    __aeabi_ddiv                             0x08003759   Thumb Code     0  ddiv.o(x$fpl$ddiv)
    _ddiv                                    0x08003759   Thumb Code   552  ddiv.o(x$fpl$ddiv)
    __aeabi_i2d                              0x08003a09   Thumb Code     0  dflt_clz.o(x$fpl$dflt)
    _dflt                                    0x08003a09   Thumb Code    46  dflt_clz.o(x$fpl$dflt)
    __aeabi_dmul                             0x08003a39   Thumb Code     0  dmul.o(x$fpl$dmul)
    _dmul                                    0x08003a39   Thumb Code   332  dmul.o(x$fpl$dmul)
    __fpl_dnaninf                            0x08003b8d   Thumb Code   156  dnaninf.o(x$fpl$dnaninf)
    __fpl_dretinf                            0x08003c29   Thumb Code    12  dretinf.o(x$fpl$dretinf)
    __aeabi_f2d                              0x08003c35   Thumb Code     0  f2d.o(x$fpl$f2d)
    _f2d                                     0x08003c35   Thumb Code    86  f2d.o(x$fpl$f2d)
    __aeabi_fadd                             0x08003c8d   Thumb Code     0  faddsub_clz.o(x$fpl$fadd)
    _fadd                                    0x08003c8d   Thumb Code   196  faddsub_clz.o(x$fpl$fadd)
    __fpl_fcmp_Inf                           0x08003d51   Thumb Code    24  fcmpi.o(x$fpl$fcmpinf)
    __aeabi_fdiv                             0x08003d69   Thumb Code     0  fdiv.o(x$fpl$fdiv)
    _fdiv                                    0x08003d69   Thumb Code   384  fdiv.o(x$fpl$fdiv)
    __aeabi_f2iz                             0x08003eed   Thumb Code     0  ffix.o(x$fpl$ffix)
    _ffix                                    0x08003eed   Thumb Code    54  ffix.o(x$fpl$ffix)
    __aeabi_ui2f                             0x08003f25   Thumb Code     0  fflt_clz.o(x$fpl$ffltu)
    _ffltu                                   0x08003f25   Thumb Code    38  fflt_clz.o(x$fpl$ffltu)
    __aeabi_cfcmple                          0x08003f4d   Thumb Code     0  fleqf.o(x$fpl$fleqf)
    _fcmple                                  0x08003f4d   Thumb Code   104  fleqf.o(x$fpl$fleqf)
    __fpl_fcmple_InfNaN                      0x08003f9f   Thumb Code     0  fleqf.o(x$fpl$fleqf)
    __aeabi_fmul                             0x08003fb5   Thumb Code     0  fmul.o(x$fpl$fmul)
    _fmul                                    0x08003fb5   Thumb Code   258  fmul.o(x$fpl$fmul)
    __fpl_fnaninf                            0x080040b7   Thumb Code   140  fnaninf.o(x$fpl$fnaninf)
    __fpl_fretinf                            0x08004143   Thumb Code    10  fretinf.o(x$fpl$fretinf)
    __aeabi_fsub                             0x0800414d   Thumb Code     0  faddsub_clz.o(x$fpl$fsub)
    _fsub                                    0x0800414d   Thumb Code   234  faddsub_clz.o(x$fpl$fsub)
    _printf_fp_dec                           0x08004237   Thumb Code     4  printf1.o(x$fpl$printf1)
    __I$use$fp                               0x0800423a   Number         0  usenofp.o(x$fpl$usenofp)
    asc2_0806                                0x0800423a   Data         552  oled.o(.constdata)
    asc2_1206                                0x08004462   Data        1140  oled.o(.constdata)
    asc2_1608                                0x080048d6   Data        1520  oled.o(.constdata)
    asc2_2412                                0x08004ec6   Data        3420  oled.o(.constdata)
    Hzk1                                     0x08005c22   Data         352  oled.o(.constdata)
    Hzk2                                     0x08005d82   Data          72  oled.o(.constdata)
    Hzk3                                     0x08005dca   Data         128  oled.o(.constdata)
    Hzk4                                     0x08005e4a   Data         512  oled.o(.constdata)
    uch_spo2_table                           0x0800604a   Data         184  max30102_math.o(.constdata)
    Region$$Table$$Base                      0x08006274   Number         0  anon$$obj.o(Region$$Table)
    Region$$Table$$Limit                     0x08006294   Number         0  anon$$obj.o(Region$$Table)
    n_ir_buffer_length                       0x20000000   Data           4  main.o(.data)
    i                                        0x20000004   Data           4  main.o(.data)
    j                                        0x20000008   Data           4  main.o(.data)
    k                                        0x2000000c   Data           4  main.o(.data)
    un_min                                   0x20000010   Data           4  main.o(.data)
    un_max                                   0x20000014   Data           4  main.o(.data)
    un_prev_data                             0x20000018   Data           4  main.o(.data)
    un_brightness                            0x2000001c   Data           4  main.o(.data)
    n_spo2                                   0x20000020   Data           4  main.o(.data)
    ch_spo2_valid                            0x20000024   Data           1  main.o(.data)
    n_heart_rate                             0x20000028   Data           4  main.o(.data)
    ch_hr_valid                              0x2000002c   Data           1  main.o(.data)
    manle                                    0x2000002d   Data           1  main.o(.data)
    f_temp                                   0x20000030   Data           4  main.o(.data)
    hrTimeout                                0x20000034   Data           4  main.o(.data)
    hrValidCnt                               0x20000038   Data           4  main.o(.data)
    hrThrowOutSamp                           0x2000003c   Data           4  main.o(.data)
    hrBuffFilled                             0x20000040   Data           4  main.o(.data)
    hrSum                                    0x20000044   Data           4  main.o(.data)
    hrAvg                                    0x20000048   Data           4  main.o(.data)
    spo2Timeout                              0x2000004c   Data           4  main.o(.data)
    spo2ValidCnt                             0x20000050   Data           4  main.o(.data)
    spo2ThrowOutSamp                         0x20000054   Data           4  main.o(.data)
    spo2Sum                                  0x20000058   Data           4  main.o(.data)
    spo2Avg                                  0x2000005c   Data           4  main.o(.data)
    spo2BuffFilled                           0x20000060   Data           4  main.o(.data)
    uch_dummy                                0x20000064   Data           1  main.o(.data)
    temp                                     0x20000068   Data           4  main.o(.data)
    temp_data                                0x2000006c   Data           4  main.o(.data)
    temp_data1                               0x20000070   Data           4  main.o(.data)
    SystemCoreClock                          0x20000074   Data           4  system_stm32f10x.o(.data)
    AHBPrescTable                            0x20000078   Data          16  system_stm32f10x.o(.data)
    __stdout                                 0x20000088   Data           4  usart.o(.data)
    USART_RX_STA                             0x2000008c   Data           2  usart.o(.data)
    OLED_GRAM                                0x20000094   Data        1152  oled.o(.bss)
    aun_ir_buffer                            0x20000e74   Data         600  main.o(.bss)
    aun_red_buffer                           0x200010cc   Data         600  main.o(.bss)
    hr_buf                                   0x20001324   Data          64  main.o(.bss)
    spo2_buf                                 0x20001364   Data          64  main.o(.bss)
    spo2Avg_arg1                             0x200013a4   Data         120  main.o(.bss)
    hrAvg_arg1                               0x2000141c   Data         120  main.o(.bss)
    ucbuf                                    0x20001494   Data          17  main.o(.bss)
    USART_RX_BUF                             0x200014a5   Data         200  usart.o(.bss)
    __libspace_start                         0x20001570   Data          96  libspace.o(.bss)
    __temporary_stack_top$libspace           0x200015d0   Data           0  libspace.o(.bss)



==============================================================================

Memory Map of the image

  Image Entry point : 0x08000131

  Load Region LR_IROM1 (Base: 0x08000000, Size: 0x00006344, Max: 0x00010000, ABSOLUTE)

    Execution Region ER_IROM1 (Exec base: 0x08000000, Load base: 0x08000000, Size: 0x000062b0, Max: 0x00010000, ABSOLUTE)

    Exec Addr    Load Addr    Size         Type   Attr      Idx    E Section Name        Object

    0x08000000   0x08000000   0x00000130   Data   RO         3597    RESET               startup_stm32f10x_hd.o
    0x08000130   0x08000130   0x00000008   Code   RO         3798  * !!!main             c_w.l(__main.o)
    0x08000138   0x08000138   0x00000034   Code   RO         4065    !!!scatter          c_w.l(__scatter.o)
    0x0800016c   0x0800016c   0x0000001a   Code   RO         4067    !!handler_copy      c_w.l(__scatter_copy.o)
    0x08000186   0x08000186   0x00000002   PAD
    0x08000188   0x08000188   0x0000001c   Code   RO         4069    !!handler_zi        c_w.l(__scatter_zi.o)
    0x080001a4   0x080001a4   0x00000000   Code   RO         3795    .ARM.Collect$$_printf_percent$$00000000  c_w.l(_printf_percent.o)
    0x080001a4   0x080001a4   0x00000006   Code   RO         3794    .ARM.Collect$$_printf_percent$$00000003  c_w.l(_printf_f.o)
    0x080001aa   0x080001aa   0x00000006   Code   RO         3793    .ARM.Collect$$_printf_percent$$00000009  c_w.l(_printf_d.o)
    0x080001b0   0x080001b0   0x00000004   Code   RO         3855    .ARM.Collect$$_printf_percent$$00000017  c_w.l(_printf_percent_end.o)
    0x080001b4   0x080001b4   0x00000002   Code   RO         3943    .ARM.Collect$$libinit$$00000000  c_w.l(libinit.o)
    0x080001b6   0x080001b6   0x00000000   Code   RO         3945    .ARM.Collect$$libinit$$00000002  c_w.l(libinit2.o)
    0x080001b6   0x080001b6   0x00000000   Code   RO         3947    .ARM.Collect$$libinit$$00000004  c_w.l(libinit2.o)
    0x080001b6   0x080001b6   0x00000000   Code   RO         3950    .ARM.Collect$$libinit$$0000000A  c_w.l(libinit2.o)
    0x080001b6   0x080001b6   0x00000000   Code   RO         3952    .ARM.Collect$$libinit$$0000000C  c_w.l(libinit2.o)
    0x080001b6   0x080001b6   0x00000000   Code   RO         3954    .ARM.Collect$$libinit$$0000000E  c_w.l(libinit2.o)
    0x080001b6   0x080001b6   0x00000006   Code   RO         3955    .ARM.Collect$$libinit$$0000000F  c_w.l(libinit2.o)
    0x080001bc   0x080001bc   0x00000000   Code   RO         3957    .ARM.Collect$$libinit$$00000011  c_w.l(libinit2.o)
    0x080001bc   0x080001bc   0x00000000   Code   RO         3959    .ARM.Collect$$libinit$$00000013  c_w.l(libinit2.o)
    0x080001bc   0x080001bc   0x00000000   Code   RO         3961    .ARM.Collect$$libinit$$00000015  c_w.l(libinit2.o)
    0x080001bc   0x080001bc   0x0000000a   Code   RO         3962    .ARM.Collect$$libinit$$00000016  c_w.l(libinit2.o)
    0x080001c6   0x080001c6   0x00000000   Code   RO         3963    .ARM.Collect$$libinit$$00000017  c_w.l(libinit2.o)
    0x080001c6   0x080001c6   0x00000000   Code   RO         3965    .ARM.Collect$$libinit$$00000019  c_w.l(libinit2.o)
    0x080001c6   0x080001c6   0x00000000   Code   RO         3967    .ARM.Collect$$libinit$$0000001B  c_w.l(libinit2.o)
    0x080001c6   0x080001c6   0x00000000   Code   RO         3969    .ARM.Collect$$libinit$$0000001D  c_w.l(libinit2.o)
    0x080001c6   0x080001c6   0x00000000   Code   RO         3971    .ARM.Collect$$libinit$$0000001F  c_w.l(libinit2.o)
    0x080001c6   0x080001c6   0x00000000   Code   RO         3973    .ARM.Collect$$libinit$$00000021  c_w.l(libinit2.o)
    0x080001c6   0x080001c6   0x00000000   Code   RO         3975    .ARM.Collect$$libinit$$00000023  c_w.l(libinit2.o)
    0x080001c6   0x080001c6   0x00000000   Code   RO         3977    .ARM.Collect$$libinit$$00000025  c_w.l(libinit2.o)
    0x080001c6   0x080001c6   0x00000000   Code   RO         3981    .ARM.Collect$$libinit$$0000002C  c_w.l(libinit2.o)
    0x080001c6   0x080001c6   0x00000000   Code   RO         3983    .ARM.Collect$$libinit$$0000002E  c_w.l(libinit2.o)
    0x080001c6   0x080001c6   0x00000000   Code   RO         3985    .ARM.Collect$$libinit$$00000030  c_w.l(libinit2.o)
    0x080001c6   0x080001c6   0x00000000   Code   RO         3987    .ARM.Collect$$libinit$$00000032  c_w.l(libinit2.o)
    0x080001c6   0x080001c6   0x00000002   Code   RO         3988    .ARM.Collect$$libinit$$00000033  c_w.l(libinit2.o)
    0x080001c8   0x080001c8   0x00000002   Code   RO         4016    .ARM.Collect$$libshutdown$$00000000  c_w.l(libshutdown.o)
    0x080001ca   0x080001ca   0x00000000   Code   RO         4026    .ARM.Collect$$libshutdown$$00000003  c_w.l(libshutdown2.o)
    0x080001ca   0x080001ca   0x00000000   Code   RO         4029    .ARM.Collect$$libshutdown$$00000006  c_w.l(libshutdown2.o)
    0x080001ca   0x080001ca   0x00000000   Code   RO         4032    .ARM.Collect$$libshutdown$$00000009  c_w.l(libshutdown2.o)
    0x080001ca   0x080001ca   0x00000000   Code   RO         4034    .ARM.Collect$$libshutdown$$0000000B  c_w.l(libshutdown2.o)
    0x080001ca   0x080001ca   0x00000000   Code   RO         4037    .ARM.Collect$$libshutdown$$0000000E  c_w.l(libshutdown2.o)
    0x080001ca   0x080001ca   0x00000002   Code   RO         4038    .ARM.Collect$$libshutdown$$0000000F  c_w.l(libshutdown2.o)
    0x080001cc   0x080001cc   0x00000000   Code   RO         3844    .ARM.Collect$$rtentry$$00000000  c_w.l(__rtentry.o)
    0x080001cc   0x080001cc   0x00000000   Code   RO         3868    .ARM.Collect$$rtentry$$00000002  c_w.l(__rtentry2.o)
    0x080001cc   0x080001cc   0x00000006   Code   RO         3880    .ARM.Collect$$rtentry$$00000004  c_w.l(__rtentry4.o)
    0x080001d2   0x080001d2   0x00000000   Code   RO         3870    .ARM.Collect$$rtentry$$00000009  c_w.l(__rtentry2.o)
    0x080001d2   0x080001d2   0x00000004   Code   RO         3871    .ARM.Collect$$rtentry$$0000000A  c_w.l(__rtentry2.o)
    0x080001d6   0x080001d6   0x00000000   Code   RO         3873    .ARM.Collect$$rtentry$$0000000C  c_w.l(__rtentry2.o)
    0x080001d6   0x080001d6   0x00000008   Code   RO         3874    .ARM.Collect$$rtentry$$0000000D  c_w.l(__rtentry2.o)
    0x080001de   0x080001de   0x00000002   Code   RO         3989    .ARM.Collect$$rtexit$$00000000  c_w.l(rtexit.o)
    0x080001e0   0x080001e0   0x00000000   Code   RO         3996    .ARM.Collect$$rtexit$$00000002  c_w.l(rtexit2.o)
    0x080001e0   0x080001e0   0x00000004   Code   RO         3997    .ARM.Collect$$rtexit$$00000003  c_w.l(rtexit2.o)
    0x080001e4   0x080001e4   0x00000006   Code   RO         3998    .ARM.Collect$$rtexit$$00000004  c_w.l(rtexit2.o)
    0x080001ea   0x080001ea   0x00000002   PAD
    0x080001ec   0x080001ec   0x00000040   Code   RO         3598    .text               startup_stm32f10x_hd.o
    0x0800022c   0x0800022c   0x00000002   Code   RO         3757    .text               c_w.l(use_no_semi_2.o)
    0x0800022e   0x0800022e   0x00000002   PAD
    0x08000230   0x08000230   0x00000018   Code   RO         3763    .text               c_w.l(noretval__2printf.o)
    0x08000248   0x08000248   0x00000028   Code   RO         3765    .text               c_w.l(noretval__2sprintf.o)
    0x08000270   0x08000270   0x0000004e   Code   RO         3769    .text               c_w.l(_printf_pad.o)
    0x080002be   0x080002be   0x00000002   PAD
    0x080002c0   0x080002c0   0x00000078   Code   RO         3771    .text               c_w.l(_printf_dec.o)
    0x08000338   0x08000338   0x0000010e   Code   RO         3781    .text               c_w.l(__printf_wp.o)
    0x08000446   0x08000446   0x00000006   Code   RO         3796    .text               c_w.l(heapauxi.o)
    0x0800044c   0x0800044c   0x00000002   Code   RO         3842    .text               c_w.l(use_no_semi.o)
    0x0800044e   0x0800044e   0x000000b2   Code   RO         3845    .text               c_w.l(_printf_intcommon.o)
    0x08000500   0x08000500   0x0000041a   Code   RO         3847    .text               c_w.l(_printf_fp_dec.o)
    0x0800091a   0x0800091a   0x00000002   PAD
    0x0800091c   0x0800091c   0x00000030   Code   RO         3849    .text               c_w.l(_printf_char_common.o)
    0x0800094c   0x0800094c   0x0000000a   Code   RO         3851    .text               c_w.l(_sputc.o)
    0x08000956   0x08000956   0x00000002   PAD
    0x08000958   0x08000958   0x00000024   Code   RO         3853    .text               c_w.l(_printf_char_file.o)
    0x0800097c   0x0800097c   0x00000008   Code   RO         3885    .text               c_w.l(rt_locale_intlibspace.o)
    0x08000984   0x08000984   0x0000008a   Code   RO         3887    .text               c_w.l(lludiv10.o)
    0x08000a0e   0x08000a0e   0x00000002   PAD
    0x08000a10   0x08000a10   0x00000080   Code   RO         3889    .text               c_w.l(_printf_fp_infnan.o)
    0x08000a90   0x08000a90   0x000000dc   Code   RO         3893    .text               c_w.l(bigflt0.o)
    0x08000b6c   0x08000b6c   0x00000008   Code   RO         3918    .text               c_w.l(ferror.o)
    0x08000b74   0x08000b74   0x00000008   Code   RO         3929    .text               c_w.l(libspace.o)
    0x08000b7c   0x08000b7c   0x0000004a   Code   RO         3932    .text               c_w.l(sys_stackheap_outer.o)
    0x08000bc6   0x08000bc6   0x0000000c   Code   RO         3934    .text               c_w.l(exit.o)
    0x08000bd2   0x08000bd2   0x00000002   PAD
    0x08000bd4   0x08000bd4   0x00000080   Code   RO         3936    .text               c_w.l(strcmpv7m.o)
    0x08000c54   0x08000c54   0x0000003e   Code   RO         3896    CL$$btod_d2e        c_w.l(btod.o)
    0x08000c92   0x08000c92   0x00000046   Code   RO         3898    CL$$btod_d2e_denorm_low  c_w.l(btod.o)
    0x08000cd8   0x08000cd8   0x00000060   Code   RO         3897    CL$$btod_d2e_norm_op1  c_w.l(btod.o)
    0x08000d38   0x08000d38   0x00000338   Code   RO         3906    CL$$btod_div_common  c_w.l(btod.o)
    0x08001070   0x08001070   0x000000c6   Code   RO         3903    CL$$btod_e2e        c_w.l(btod.o)
    0x08001136   0x08001136   0x00000028   Code   RO         3900    CL$$btod_ediv       c_w.l(btod.o)
    0x0800115e   0x0800115e   0x00000028   Code   RO         3899    CL$$btod_emul       c_w.l(btod.o)
    0x08001186   0x08001186   0x00000244   Code   RO         3905    CL$$btod_mult_common  c_w.l(btod.o)
    0x080013ca   0x080013ca   0x00000004   Code   RO         3487    i.BusFault_Handler  stm32f10x_it.o
    0x080013ce   0x080013ce   0x00000002   PAD
    0x080013d0   0x080013d0   0x00000038   Code   RO         3219    i.DS18B20_GPIO_Config  ds18b20.o
    0x08001408   0x08001408   0x00000088   Code   RO         3220    i.DS18B20_Get_Temp  ds18b20.o
    0x08001490   0x08001490   0x00000010   Code   RO         3221    i.DS18B20_Init      ds18b20.o
    0x080014a0   0x080014a0   0x00000020   Code   RO         3222    i.DS18B20_Mode_IPU  ds18b20.o
    0x080014c0   0x080014c0   0x00000024   Code   RO         3223    i.DS18B20_Mode_Out_PP  ds18b20.o
    0x080014e4   0x080014e4   0x0000005c   Code   RO         3224    i.DS18B20_Presence  ds18b20.o
    0x08001540   0x08001540   0x0000003c   Code   RO         3225    i.DS18B20_Read_Bit  ds18b20.o
    0x0800157c   0x0800157c   0x00000022   Code   RO         3226    i.DS18B20_Read_Byte  ds18b20.o
    0x0800159e   0x0800159e   0x00000002   PAD
    0x080015a0   0x080015a0   0x00000030   Code   RO         3227    i.DS18B20_Rst       ds18b20.o
    0x080015d0   0x080015d0   0x00000064   Code   RO         3229    i.DS18B20_Write_Byte  ds18b20.o
    0x08001634   0x08001634   0x00000002   Code   RO         3488    i.DebugMon_Handler  stm32f10x_it.o
    0x08001636   0x08001636   0x00000116   Code   RO         1216    i.GPIO_Init         stm32f10x_gpio.o
    0x0800174c   0x0800174c   0x00000012   Code   RO         1220    i.GPIO_ReadInputDataBit  stm32f10x_gpio.o
    0x0800175e   0x0800175e   0x00000004   Code   RO         1223    i.GPIO_ResetBits    stm32f10x_gpio.o
    0x08001762   0x08001762   0x00000004   Code   RO         1224    i.GPIO_SetBits      stm32f10x_gpio.o
    0x08001766   0x08001766   0x00000002   PAD
    0x08001768   0x08001768   0x000007b4   Code   RO         3423    i.Gain_Hr_Spo       main.o
    0x08001f1c   0x08001f1c   0x00000004   Code   RO         3489    i.HardFault_Handler  stm32f10x_it.o
    0x08001f20   0x08001f20   0x00000034   Code   RO         3056    i.I2C_Start         oled.o
    0x08001f54   0x08001f54   0x00000024   Code   RO         3057    i.I2C_Stop          oled.o
    0x08001f78   0x08001f78   0x0000002c   Code   RO         3058    i.I2C_WaitAck       oled.o
    0x08001fa4   0x08001fa4   0x00000010   Code   RO         3059    i.IIC_delay         oled.o
    0x08001fb4   0x08001fb4   0x00000038   Code   RO         3402    i.LED_Init          led.o
    0x08001fec   0x08001fec   0x0000002c   Code   RO         3403    i.LED_shanshuo      led.o
    0x08002018   0x08002018   0x00000004   Code   RO         3490    i.MemManage_Handler  stm32f10x_it.o
    0x0800201c   0x0800201c   0x00000002   Code   RO         3491    i.NMI_Handler       stm32f10x_it.o
    0x0800201e   0x0800201e   0x00000002   PAD
    0x08002020   0x08002020   0x00000030   Code   RO         3060    i.OLED_Clear        oled.o
    0x08002050   0x08002050   0x0000001c   Code   RO         3061    i.OLED_ColorTurn    oled.o
    0x0800206c   0x0800206c   0x0000002c   Code   RO         3064    i.OLED_DisplayTurn  oled.o
    0x08002098   0x08002098   0x00000078   Code   RO         3067    i.OLED_DrawPoint    oled.o
    0x08002110   0x08002110   0x00000140   Code   RO         3068    i.OLED_Init         oled.o
    0x08002250   0x08002250   0x00000068   Code   RO         3070    i.OLED_Refresh      oled.o
    0x080022b8   0x080022b8   0x0000013c   Code   RO         3072    i.OLED_ShowChar     oled.o
    0x080023f4   0x080023f4   0x00000104   Code   RO         3073    i.OLED_ShowChinese  oled.o
    0x080024f8   0x080024f8   0x0000004a   Code   RO         3076    i.OLED_ShowString   oled.o
    0x08002542   0x08002542   0x00000038   Code   RO         3077    i.OLED_WR_Byte      oled.o
    0x0800257a   0x0800257a   0x00000002   Code   RO         3492    i.PendSV_Handler    stm32f10x_it.o
    0x0800257c   0x0800257c   0x00000020   Code   RO         1643    i.RCC_APB2PeriphClockCmd  stm32f10x_rcc.o
    0x0800259c   0x0800259c   0x00000002   Code   RO         3493    i.SVC_Handler       stm32f10x_it.o
    0x0800259e   0x0800259e   0x00000002   PAD
    0x080025a0   0x080025a0   0x0000004c   Code   RO         3078    i.Send_Byte         oled.o
    0x080025ec   0x080025ec   0x00000008   Code   RO         3550    i.SetSysClock       system_stm32f10x.o
    0x080025f4   0x080025f4   0x000000e0   Code   RO         3551    i.SetSysClockTo72   system_stm32f10x.o
    0x080026d4   0x080026d4   0x00000028   Code   RO            5    i.SysTick_CLKSourceConfig  misc.o
    0x080026fc   0x080026fc   0x00000002   Code   RO         3494    i.SysTick_Handler   stm32f10x_it.o
    0x080026fe   0x080026fe   0x00000002   PAD
    0x08002700   0x08002700   0x00000060   Code   RO         3553    i.SystemInit        system_stm32f10x.o
    0x08002760   0x08002760   0x000000c8   Code   RO         3424    i.TEMP_Value_Conversion  main.o
    0x08002828   0x08002828   0x00000088   Code   RO         3602    i.USART1_IRQHandler  usart.o
    0x080028b0   0x080028b0   0x00000054   Code   RO         2827    i.USART_GetITStatus  stm32f10x_usart.o
    0x08002904   0x08002904   0x0000000a   Code   RO         2837    i.USART_ReceiveData  stm32f10x_usart.o
    0x0800290e   0x0800290e   0x00000004   Code   RO         3495    i.UsageFault_Handler  stm32f10x_it.o
    0x08002912   0x08002912   0x00000028   Code   RO         3927    i.__ARM_fpclassify  m_ws.l(fpclassify.o)
    0x0800293a   0x0800293a   0x0000000e   Code   RO         3783    i._is_digit         c_w.l(__printf_wp.o)
    0x08002948   0x08002948   0x00000004   Code   RO         3603    i._sys_exit         usart.o
    0x0800294c   0x0800294c   0x00000040   Code   RO         3687    i.bsp_InitI2C       iicstart.o
    0x0800298c   0x0800298c   0x00000044   Code   RO         3658    i.delay_init        delay.o
    0x080029d0   0x080029d0   0x0000004c   Code   RO         3659    i.delay_ms          delay.o
    0x08002a1c   0x08002a1c   0x0000004c   Code   RO         3660    i.delay_us          delay.o
    0x08002a68   0x08002a68   0x0000001c   Code   RO         3604    i.fputc             usart.o
    0x08002a84   0x08002a84   0x00000034   Code   RO         3688    i.i2c_Ack           iicstart.o
    0x08002ab8   0x08002ab8   0x0000000e   Code   RO         3690    i.i2c_Delay         iicstart.o
    0x08002ac6   0x08002ac6   0x00000002   PAD
    0x08002ac8   0x08002ac8   0x0000002c   Code   RO         3691    i.i2c_NAck          iicstart.o
    0x08002af4   0x08002af4   0x00000048   Code   RO         3692    i.i2c_ReadByte      iicstart.o
    0x08002b3c   0x08002b3c   0x00000058   Code   RO         3693    i.i2c_SendByte      iicstart.o
    0x08002b94   0x08002b94   0x00000030   Code   RO         3694    i.i2c_Start         iicstart.o
    0x08002bc4   0x08002bc4   0x00000024   Code   RO         3695    i.i2c_Stop          iicstart.o
    0x08002be8   0x08002be8   0x00000038   Code   RO         3696    i.i2c_WaitAck       iicstart.o
    0x08002c20   0x08002c20   0x00000158   Code   RO         3425    i.main              main.o
    0x08002d78   0x08002d78   0x00000042   Code   RO         3338    i.maxim_find_peaks  max30102_math.o
    0x08002dba   0x08002dba   0x00000002   PAD
    0x08002dbc   0x08002dbc   0x00000358   Code   RO         3339    i.maxim_heart_rate_and_oxygen_saturation  max30102_math.o
    0x08003114   0x08003114   0x00000218   Code   RO         3288    i.maxim_max30102_init  max30102.o
    0x0800332c   0x0800332c   0x00000100   Code   RO         3289    i.maxim_max30102_read_fifo  max30102.o
    0x0800342c   0x0800342c   0x00000070   Code   RO         3290    i.maxim_max30102_read_reg  max30102.o
    0x0800349c   0x0800349c   0x00000028   Code   RO         3291    i.maxim_max30102_reset  max30102.o
    0x080034c4   0x080034c4   0x00000070   Code   RO         3292    i.maxim_max30102_write_reg  max30102.o
    0x08003534   0x08003534   0x000000aa   Code   RO         3340    i.maxim_peaks_above_min_height  max30102_math.o
    0x080035de   0x080035de   0x00000072   Code   RO         3341    i.maxim_remove_close_peaks  max30102_math.o
    0x08003650   0x08003650   0x00000036   Code   RO         3342    i.maxim_sort_ascend  max30102_math.o
    0x08003686   0x08003686   0x00000040   Code   RO         3343    i.maxim_sort_indices_descend  max30102_math.o
    0x080036c6   0x080036c6   0x00000002   PAD
    0x080036c8   0x080036c8   0x0000002c   Code   RO         3923    locale$$code        c_w.l(lc_numeric_c.o)
    0x080036f4   0x080036f4   0x00000062   Code   RO         3800    x$fpl$d2f           fz_ws.l(d2f.o)
    0x08003756   0x08003756   0x00000002   PAD
    0x08003758   0x08003758   0x000002b0   Code   RO         3803    x$fpl$ddiv          fz_ws.l(ddiv.o)
    0x08003a08   0x08003a08   0x0000002e   Code   RO         3807    x$fpl$dflt          fz_ws.l(dflt_clz.o)
    0x08003a36   0x08003a36   0x00000002   PAD
    0x08003a38   0x08003a38   0x00000154   Code   RO         3812    x$fpl$dmul          fz_ws.l(dmul.o)
    0x08003b8c   0x08003b8c   0x0000009c   Code   RO         3856    x$fpl$dnaninf       fz_ws.l(dnaninf.o)
    0x08003c28   0x08003c28   0x0000000c   Code   RO         3858    x$fpl$dretinf       fz_ws.l(dretinf.o)
    0x08003c34   0x08003c34   0x00000056   Code   RO         3814    x$fpl$f2d           fz_ws.l(f2d.o)
    0x08003c8a   0x08003c8a   0x00000002   PAD
    0x08003c8c   0x08003c8c   0x000000c4   Code   RO         3816    x$fpl$fadd          fz_ws.l(faddsub_clz.o)
    0x08003d50   0x08003d50   0x00000018   Code   RO         3860    x$fpl$fcmpinf       fz_ws.l(fcmpi.o)
    0x08003d68   0x08003d68   0x00000184   Code   RO         3823    x$fpl$fdiv          fz_ws.l(fdiv.o)
    0x08003eec   0x08003eec   0x00000036   Code   RO         3826    x$fpl$ffix          fz_ws.l(ffix.o)
    0x08003f22   0x08003f22   0x00000002   PAD
    0x08003f24   0x08003f24   0x00000026   Code   RO         3830    x$fpl$ffltu         fz_ws.l(fflt_clz.o)
    0x08003f4a   0x08003f4a   0x00000002   PAD
    0x08003f4c   0x08003f4c   0x00000068   Code   RO         3836    x$fpl$fleqf         fz_ws.l(fleqf.o)
    0x08003fb4   0x08003fb4   0x00000102   Code   RO         3838    x$fpl$fmul          fz_ws.l(fmul.o)
    0x080040b6   0x080040b6   0x0000008c   Code   RO         3862    x$fpl$fnaninf       fz_ws.l(fnaninf.o)
    0x08004142   0x08004142   0x0000000a   Code   RO         3864    x$fpl$fretinf       fz_ws.l(fretinf.o)
    0x0800414c   0x0800414c   0x000000ea   Code   RO         3818    x$fpl$fsub          fz_ws.l(faddsub_clz.o)
    0x08004236   0x08004236   0x00000004   Code   RO         3840    x$fpl$printf1       fz_ws.l(printf1.o)
    0x0800423a   0x0800423a   0x00000000   Code   RO         3866    x$fpl$usenofp       fz_ws.l(usenofp.o)
    0x0800423a   0x0800423a   0x00001e10   Data   RO         3080    .constdata          oled.o
    0x0800604a   0x0800604a   0x000000b8   Data   RO         3345    .constdata          max30102_math.o
    0x08006102   0x08006102   0x00000002   PAD
    0x08006104   0x08006104   0x00000094   Data   RO         3894    .constdata          c_w.l(bigflt0.o)
    0x08006198   0x08006198   0x000000d9   Data   RO         3293    .conststring        max30102.o
    0x08006271   0x08006271   0x00000003   PAD
    0x08006274   0x08006274   0x00000020   Data   RO         4063    Region$$Table       anon$$obj.o
    0x08006294   0x08006294   0x0000001c   Data   RO         3922    locale$$data        c_w.l(lc_numeric_c.o)


    Execution Region RW_IRAM1 (Exec base: 0x20000000, Load base: 0x080062b0, Size: 0x00001bd0, Max: 0x00005000, ABSOLUTE)

    Exec Addr    Load Addr    Size         Type   Attr      Idx    E Section Name        Object

    0x20000000   0x080062b0   0x00000074   Data   RW         3427    .data               main.o
    0x20000074   0x08006324   0x00000014   Data   RW         3554    .data               system_stm32f10x.o
    0x20000088   0x08006338   0x00000006   Data   RW         3607    .data               usart.o
    0x2000008e   0x0800633e   0x00000004   Data   RW         3661    .data               delay.o
    0x20000092   0x08006342   0x00000002   PAD
    0x20000094        -       0x00000480   Zero   RW         3079    .bss                oled.o
    0x20000514        -       0x000004b0   Zero   RW         3344    .bss                max30102_math.o
    0x200009c4        -       0x00000ae1   Zero   RW         3426    .bss                main.o
    0x200014a5        -       0x000000c8   Zero   RW         3606    .bss                usart.o
    0x2000156d   0x08006342   0x00000003   PAD
    0x20001570        -       0x00000060   Zero   RW         3930    .bss                c_w.l(libspace.o)
    0x200015d0        -       0x00000200   Zero   RW         3596    HEAP                startup_stm32f10x_hd.o
    0x200017d0        -       0x00000400   Zero   RW         3595    STACK               startup_stm32f10x_hd.o


==============================================================================

Image component sizes


      Code (inc. data)   RO Data    RW Data    ZI Data      Debug   Object Name

         0          0          0          0          0         32   core_cm3.o
       220         26          0          4          0       1555   delay.o
       610         44          0          0          0       4963   ds18b20.o
       474         36          0          0          0       4138   iicstart.o
       100         10          0          0          0        874   led.o
      2516        244          0        116       2785       5185   main.o
      1056        382        217          0          0       3889   max30102.o
      1324         16        184          0       1200       7152   max30102_math.o
        40          0          0          0          0     221018   misc.o
      1594         72       7696          0       1152      10026   oled.o
        64         26        304          0       1536        768   startup_stm32f10x_hd.o
       304          0          0          0          0       3580   stm32f10x_gpio.o
        26          0          0          0          0       3538   stm32f10x_it.o
        32          6          0          0          0        533   stm32f10x_rcc.o
        94          0          0          0          0       2728   stm32f10x_usart.o
       328         28          0         20          0       2109   system_stm32f10x.o
       168         18          0          6        200       3340   usart.o

    ----------------------------------------------------------------------
      8968        908       8438        148       6876     275428   Object Totals
         0          0         32          0          0          0   (incl. Generated)
        18          0          5          2          3          0   (incl. Padding)

    ----------------------------------------------------------------------

      Code (inc. data)   RO Data    RW Data    ZI Data      Debug   Library Member Name

         8          0          0          0          0         68   __main.o
       284          0          0          0          0        156   __printf_wp.o
         0          0          0          0          0          0   __rtentry.o
        12          0          0          0          0          0   __rtentry2.o
         6          0          0          0          0          0   __rtentry4.o
        52          8          0          0          0          0   __scatter.o
        26          0          0          0          0          0   __scatter_copy.o
        28          0          0          0          0          0   __scatter_zi.o
        48          6          0          0          0         96   _printf_char_common.o
        36          4          0          0          0         80   _printf_char_file.o
         6          0          0          0          0          0   _printf_d.o
       120         16          0          0          0         92   _printf_dec.o
         6          0          0          0          0          0   _printf_f.o
      1050          0          0          0          0        216   _printf_fp_dec.o
       128         16          0          0          0         84   _printf_fp_infnan.o
       178          0          0          0          0         88   _printf_intcommon.o
        78          0          0          0          0        108   _printf_pad.o
         0          0          0          0          0          0   _printf_percent.o
         4          0          0          0          0          0   _printf_percent_end.o
        10          0          0          0          0         68   _sputc.o
       220          4        148          0          0         96   bigflt0.o
      1910        128          0          0          0        672   btod.o
        12          0          0          0          0         72   exit.o
         8          0          0          0          0         68   ferror.o
         6          0          0          0          0        152   heapauxi.o
        44         10         28          0          0         76   lc_numeric_c.o
         2          0          0          0          0          0   libinit.o
        18          0          0          0          0          0   libinit2.o
         2          0          0          0          0          0   libshutdown.o
         2          0          0          0          0          0   libshutdown2.o
         8          4          0          0         96         68   libspace.o
       138          0          0          0          0         80   lludiv10.o
        24          4          0          0          0         84   noretval__2printf.o
        40          6          0          0          0         84   noretval__2sprintf.o
         8          4          0          0          0         68   rt_locale_intlibspace.o
         2          0          0          0          0          0   rtexit.o
        10          0          0          0          0          0   rtexit2.o
       128          0          0          0          0         68   strcmpv7m.o
        74          0          0          0          0         80   sys_stackheap_outer.o
         2          0          0          0          0         68   use_no_semi.o
         2          0          0          0          0         68   use_no_semi_2.o
        98          4          0          0          0         92   d2f.o
       688        140          0          0          0        208   ddiv.o
        46          0          0          0          0         68   dflt_clz.o
       340         12          0          0          0        104   dmul.o
       156          4          0          0          0         92   dnaninf.o
        12          0          0          0          0         68   dretinf.o
        86          4          0          0          0         84   f2d.o
       430          8          0          0          0        168   faddsub_clz.o
        24          0          0          0          0         68   fcmpi.o
       388         76          0          0          0         96   fdiv.o
        54          4          0          0          0         84   ffix.o
        38          0          0          0          0         68   fflt_clz.o
       104          4          0          0          0         84   fleqf.o
       258          4          0          0          0         84   fmul.o
       140          4          0          0          0         84   fnaninf.o
        10          0          0          0          0         68   fretinf.o
         4          0          0          0          0         68   printf1.o
         0          0          0          0          0          0   usenofp.o
        40          0          0          0          0         68   fpclassify.o

    ----------------------------------------------------------------------
      7682        474        176          0         96       4516   Library Totals
        26          0          0          0          0          0   (incl. Padding)

    ----------------------------------------------------------------------

      Code (inc. data)   RO Data    RW Data    ZI Data      Debug   Library Name

      4740        210        176          0         96       2860   c_w.l
      2876        264          0          0          0       1588   fz_ws.l
        40          0          0          0          0         68   m_ws.l

    ----------------------------------------------------------------------
      7682        474        176          0         96       4516   Library Totals

    ----------------------------------------------------------------------

==============================================================================


      Code (inc. data)   RO Data    RW Data    ZI Data      Debug   

     16650       1382       8614        148       6972     273700   Grand Totals
     16650       1382       8614        148       6972     273700   ELF Image Totals
     16650       1382       8614        148          0          0   ROM Totals

==============================================================================

    Total RO  Size (Code + RO Data)                25264 (  24.67kB)
    Total RW  Size (RW Data + ZI Data)              7120 (   6.95kB)
    Total ROM Size (Code + RO Data + RW Data)      25412 (  24.82kB)

==============================================================================

